hw 1: powering on
  [OK] connected, key ON, interlocks closed
  ceilings clamped to 250 mA
  TEC OFF (open-loop; room temp-controlled)
  LASER ON at floor setpoint 5 (~0.2 mW). Use `set <dBm>` to ramp.
  ramp setpoint 5.0 -> 28.2  (0.4s @ 60/s)
  +10.0 dBm -> setpoint 28.2  (~10.0 mW; measured I 24 mA)
  diode 54.776 C, chip 25.000 C
  state  0: raw row sums [0.334 0.29  0.252 0.266]  col sums [0.37  0.343 0.262 0.167]
  state  1: raw row sums [0.417 0.322 0.257 0.203]  col sums [0.388 0.373 0.271 0.167]
  state  2: raw row sums [0.488 0.314 0.245 0.17 ]  col sums [0.444 0.333 0.265 0.175]
  state  3: raw row sums [0.504 0.293 0.255 0.19 ]  col sums [0.49  0.302 0.269 0.182]
  state  4: raw row sums [0.476 0.289 0.255 0.196]  col sums [0.483 0.28  0.277 0.176]
  state  5: raw row sums [0.505 0.264 0.254 0.205]  col sums [0.493 0.299 0.267 0.169]
  state  6: raw row sums [0.435 0.309 0.267 0.201]  col sums [0.418 0.35  0.27  0.172]
  state  7: raw row sums [0.439 0.298 0.256 0.196]  col sums [0.344 0.396 0.271 0.178]
  state  8: raw row sums [0.512 0.281 0.248 0.175]  col sums [0.445 0.327 0.261 0.183]
  state  9: raw row sums [0.414 0.304 0.263 0.229]  col sums [0.354 0.414 0.277 0.167]
  state 10: raw row sums [0.533 0.28  0.241 0.184]  col sums [0.503 0.299 0.257 0.178]
  state 11: raw row sums [0.485 0.311 0.237 0.183]  col sums [0.437 0.345 0.255 0.18 ]
  state 12: raw row sums [0.459 0.325 0.261 0.178]  col sums [0.444 0.332 0.266 0.181]
  state 13: raw row sums [0.409 0.316 0.226 0.246]  col sums [0.403 0.379 0.255 0.16 ]
