hw 1: powering on
  [OK] connected, key ON, interlocks closed
  ceilings clamped to 250 mA
  TEC on
  LASER ON at floor setpoint 5 (~0.2 mW). Use `set <dBm>` to ramp.
  ramp setpoint 5.0 -> 28.2  (0.4s @ 60/s)
  +10.0 dBm -> setpoint 28.2  (~10.0 mW; measured I 24 mA)
  diode 47.422 C, chip 25.050 C
  state  0: raw row sums [0.391 0.339 0.303 0.311]  col sums [0.429 0.408 0.306 0.2  ]
  state  1: raw row sums [0.543 0.424 0.344 0.279]  col sums [0.519 0.484 0.359 0.229]
  state  2: raw row sums [0.708 0.463 0.375 0.27 ]  col sums [0.654 0.492 0.401 0.269]
  state  3: raw row sums [0.814 0.48  0.427 0.321]  col sums [0.796 0.492 0.449 0.304]
  state  4: raw row sums [0.835 0.509 0.461 0.365]  col sums [0.856 0.498 0.494 0.322]
  state  5: raw row sums [0.95  0.474 0.475 0.407]  col sums [0.939 0.549 0.497 0.321]
  state  6: raw row sums [0.839 0.598 0.513 0.399]  col sums [0.834 0.659 0.519 0.339]
  state  7: raw row sums [0.862 0.601 0.515 0.418]  col sums [0.725 0.769 0.541 0.362]
  state  8: raw row sums [1.043 0.56  0.519 0.387]  col sums [0.945 0.655 0.538 0.371]
  state  9: raw row sums [0.844 0.607 0.571 0.491]  col sums [0.765 0.841 0.552 0.354]
  state 10: raw row sums [1.118 0.579 0.526 0.404]  col sums [1.066 0.625 0.555 0.38 ]
  state 11: raw row sums [1.034 0.671 0.533 0.4  ]  col sums [0.946 0.747 0.56  0.386]
  state 12: raw row sums [0.998 0.707 0.558 0.387]  col sums [0.984 0.709 0.573 0.385]
  state 13: raw row sums [0.891 0.674 0.513 0.558]  col sums [0.872 0.84  0.561 0.362]
  state 14: raw row sums [1.065 0.687 0.543 0.43 ]  col sums [1.083 0.659 0.593 0.389]
  state 15: raw row sums [1.071 0.678 0.463 0.534]  col sums [1.056 0.739 0.589 0.361]
  state 16: raw row sums [1.074 0.672 0.563 0.401]  col sums [1.063 0.689 0.566 0.392]
  state 17: raw row sums [0.822 0.683 0.66  0.531]  col sums [0.969 0.767 0.581 0.379]
  state 18: raw row sums [1.102 0.674 0.583 0.398]  col sums [1.015 0.748 0.592 0.401]
  state 19: raw row sums [1.045 0.633 0.589 0.45 ]  col sums [0.948 0.785 0.591 0.394]
  state 20: raw row sums [0.96  0.664 0.637 0.418]  col sums [0.856 0.865 0.568 0.39 ]
  state 21: raw row sums [0.95  0.723 0.648 0.394]  col sums [0.884 0.847 0.586 0.398]
  state 22: raw row sums [1.154 0.623 0.583 0.421]  col sums [1.057 0.708 0.614 0.402]
  state 23: raw row sums [0.991 0.752 0.571 0.446]  col sums [1.056 0.731 0.591 0.382]
  state 24: raw row sums [1.068 0.649 0.555 0.434]  col sums [0.94  0.799 0.575 0.391]
  state 25: raw row sums [1.066 0.662 0.47  0.562]  col sums [1.012 0.805 0.579 0.364]
  state 26: raw row sums [1.018 0.712 0.565 0.437]  col sums [0.88  0.877 0.581 0.394]
  state 27: raw row sums [1.157 0.545 0.554 0.553]  col sums [1.138 0.694 0.603 0.375]
  state 28: raw row sums [0.789 0.724 0.595 0.602]  col sums [0.893 0.826 0.602 0.389]
  state 29: raw row sums [1.091 0.651 0.614 0.404]  col sums [0.997 0.774 0.585 0.404]
  state 30: raw row sums [0.921 0.68  0.581 0.543]  col sums [0.849 0.91  0.595 0.371]
  state 31: raw row sums [1.073 0.681 0.602 0.441]  col sums [1.049 0.758 0.613 0.378]
  state 32: raw row sums [1.068 0.676 0.549 0.438]  col sums [0.964 0.77  0.604 0.394]
  state 33: raw row sums [1.149 0.653 0.581 0.41 ]  col sums [1.118 0.667 0.603 0.405]
  state 34: raw row sums [0.839 0.675 0.599 0.621]  col sums [0.898 0.861 0.604 0.37 ]
  state 35: raw row sums [1.098 0.704 0.578 0.39 ]  col sums [0.979 0.823 0.573 0.394]
  state 36: raw row sums [1.053 0.73  0.581 0.38 ]  col sums [0.91  0.863 0.588 0.383]
  state 37: raw row sums [1.137 0.657 0.544 0.453]  col sums [1.105 0.721 0.581 0.384]
  state 38: raw row sums [1.096 0.634 0.56  0.464]  col sums [1.076 0.727 0.579 0.373]
  state 39: raw row sums [1.182 0.661 0.55  0.418]  col sums [1.136 0.703 0.572 0.399]
  state 40: raw row sums [1.012 0.739 0.558 0.409]  col sums [0.929 0.82  0.578 0.39 ]
  state 41: raw row sums [0.928 0.77  0.555 0.539]  col sums [1.022 0.779 0.604 0.386]
  state 42: raw row sums [0.942 0.708 0.574 0.46 ]  col sums [0.838 0.859 0.598 0.388]
  state 43: raw row sums [1.125 0.661 0.587 0.405]  col sums [1.122 0.686 0.591 0.379]
  state 44: raw row sums [1.126 0.663 0.558 0.434]  col sums [1.004 0.778 0.601 0.398]
  state 45: raw row sums [0.965 0.756 0.592 0.419]  col sums [0.815 0.918 0.602 0.397]
  state 46: raw row sums [0.981 0.689 0.633 0.405]  col sums [0.873 0.878 0.575 0.382]
  state 47: raw row sums [0.944 0.592 0.592 0.594]  col sums [0.916 0.844 0.599 0.364]
  state 48: raw row sums [0.964 0.634 0.69  0.441]  col sums [0.925 0.807 0.588 0.409]
  state 49: raw row sums [0.888 0.658 0.662 0.524]  col sums [0.989 0.781 0.586 0.376]
  state 50: raw row sums [1.091 0.697 0.568 0.396]  col sums [1.053 0.746 0.571 0.382]
  state 51: raw row sums [0.946 0.716 0.575 0.529]  col sums [1.06  0.745 0.58  0.38 ]
  state 52: raw row sums [1.088 0.641 0.585 0.413]  col sums [0.927 0.839 0.565 0.396]
  state 53: raw row sums [1.08  0.671 0.59  0.417]  col sums [1.064 0.705 0.586 0.404]
  state 54: raw row sums [0.937 0.719 0.552 0.556]  col sums [0.903 0.892 0.597 0.372]
  state 55: raw row sums [1.07  0.722 0.576 0.423]  col sums [1.124 0.69  0.588 0.39 ]
  state 56: raw row sums [1.041 0.695 0.564 0.443]  col sums [0.965 0.787 0.592 0.399]
  state 57: raw row sums [1.134 0.567 0.601 0.486]  col sums [1.11  0.69  0.609 0.38 ]
  state 58: raw row sums [1.072 0.646 0.569 0.451]  col sums [1.03  0.754 0.582 0.373]
  state 59: raw row sums [1.082 0.57  0.549 0.571]  col sums [1.061 0.763 0.575 0.373]
  state 60: raw row sums [1.148 0.652 0.57  0.411]  col sums [1.074 0.728 0.578 0.4  ]
  state 61: raw row sums [1.174 0.686 0.537 0.44 ]  col sums [1.115 0.727 0.595 0.4  ]
  state 62: raw row sums [1.122 0.646 0.569 0.426]  col sums [1.087 0.693 0.595 0.388]
  state 63: raw row sums [1.082 0.685 0.587 0.399]  col sums [1.051 0.7   0.601 0.402]
  state 64: raw row sums [1.159 0.672 0.562 0.414]  col sums [1.082 0.737 0.591 0.398]
  state 65: raw row sums [1.148 0.608 0.565 0.452]  col sums [1.043 0.758 0.568 0.404]
  state 66: raw row sums [1.023 0.636 0.592 0.51 ]  col sums [0.965 0.806 0.614 0.375]
  state 67: raw row sums [1.135 0.593 0.591 0.488]  col sums [1.132 0.702 0.599 0.373]
  state 68: raw row sums [1.075 0.732 0.575 0.392]  col sums [0.961 0.837 0.579 0.395]
  state 69: raw row sums [1.122 0.669 0.589 0.411]  col sums [1.08  0.742 0.579 0.39 ]
  state 70: raw row sums [1.068 0.697 0.568 0.414]  col sums [1.052 0.73  0.578 0.387]
  state 71: raw row sums [0.968 0.693 0.545 0.545]  col sums [1.046 0.751 0.579 0.375]
  state 72: raw row sums [1.089 0.65  0.572 0.412]  col sums [1.041 0.709 0.58  0.393]
  state 73: raw row sums [0.993 0.733 0.58  0.415]  col sums [0.896 0.852 0.587 0.386]
  state 74: raw row sums [0.931 0.681 0.593 0.488]  col sums [0.904 0.841 0.565 0.381]
  state 75: raw row sums [1.105 0.623 0.553 0.508]  col sums [1.105 0.733 0.577 0.373]
  state 76: raw row sums [1.172 0.612 0.538 0.52 ]  col sums [1.159 0.712 0.596 0.375]
  state 77: raw row sums [1.194 0.596 0.562 0.51 ]  col sums [1.182 0.701 0.599 0.38 ]
  state 78: raw row sums [1.059 0.626 0.639 0.451]  col sums [1.038 0.758 0.575 0.404]
  state 79: raw row sums [1.115 0.662 0.596 0.392]  col sums [1.08  0.697 0.601 0.387]
  state 80: raw row sums [0.907 0.629 0.593 0.568]  col sums [0.853 0.889 0.586 0.371]
  state 81: raw row sums [0.982 0.737 0.585 0.411]  col sums [0.899 0.815 0.599 0.402]
  state 82: raw row sums [0.99  0.73  0.614 0.399]  col sums [0.867 0.887 0.575 0.403]
  state 83: raw row sums [0.926 0.653 0.574 0.581]  col sums [0.867 0.909 0.586 0.372]
  state 84: raw row sums [1.091 0.665 0.608 0.392]  col sums [1.041 0.736 0.582 0.398]
  state 85: raw row sums [1.152 0.648 0.567 0.414]  col sums [1.101 0.699 0.582 0.398]
  state 86: raw row sums [0.986 0.684 0.499 0.526]  col sums [0.899 0.852 0.583 0.36 ]
  state 87: raw row sums [0.917 0.692 0.564 0.582]  col sums [0.924 0.878 0.583 0.37 ]
  state 88: raw row sums [1.092 0.682 0.593 0.421]  col sums [1.009 0.767 0.599 0.413]
  state 89: raw row sums [1.157 0.614 0.581 0.413]  col sums [1.066 0.722 0.574 0.403]
  state 90: raw row sums [1.08  0.631 0.619 0.391]  col sums [0.939 0.816 0.565 0.4  ]
  state 91: raw row sums [0.864 0.637 0.562 0.612]  col sums [0.877 0.857 0.572 0.369]
  state 92: raw row sums [1.158 0.595 0.595 0.459]  col sums [1.124 0.691 0.605 0.388]
  state 93: raw row sums [1.141 0.686 0.573 0.392]  col sums [1.086 0.73  0.589 0.388]
  state 94: raw row sums [1.049 0.709 0.531 0.471]  col sums [1.039 0.781 0.573 0.368]
  state 95: raw row sums [0.94  0.639 0.53  0.561]  col sums [0.889 0.842 0.571 0.367]
  state 96: raw row sums [0.972 0.651 0.62  0.417]  col sums [0.877 0.83  0.577 0.376]
  state 97: raw row sums [1.103 0.605 0.534 0.507]  col sums [1.123 0.684 0.578 0.365]
  state 98: raw row sums [0.966 0.565 0.581 0.622]  col sums [0.891 0.889 0.591 0.362]
  state 99: raw row sums [0.924 0.729 0.59  0.462]  col sums [0.915 0.807 0.59  0.393]
  state 100: raw row sums [0.968 0.668 0.556 0.558]  col sums [1.042 0.754 0.583 0.371]
  state 101: raw row sums [1.081 0.705 0.585 0.413]  col sums [1.067 0.726 0.59  0.401]
  state 102: raw row sums [1.067 0.658 0.515 0.543]  col sums [1.048 0.779 0.585 0.371]
  state 103: raw row sums [1.021 0.608 0.576 0.555]  col sums [0.959 0.844 0.585 0.373]
  state 104: raw row sums [1.071 0.737 0.586 0.412]  col sums [1.064 0.738 0.607 0.397]
  state 105: raw row sums [1.163 0.641 0.579 0.432]  col sums [1.146 0.676 0.596 0.396]
  state 106: raw row sums [1.032 0.753 0.503 0.484]  col sums [0.968 0.829 0.593 0.383]
  state 107: raw row sums [0.976 0.757 0.569 0.405]  col sums [0.846 0.902 0.583 0.377]
  state 108: raw row sums [0.955 0.743 0.558 0.499]  col sums [0.942 0.851 0.588 0.375]
  state 109: raw row sums [0.931 0.713 0.563 0.539]  col sums [1.025 0.772 0.574 0.375]
  state 110: raw row sums [1.084 0.659 0.548 0.47 ]  col sums [1.046 0.744 0.589 0.381]
  state 111: raw row sums [0.952 0.675 0.598 0.508]  col sums [0.906 0.843 0.608 0.376]
  state 112: raw row sums [1.06  0.559 0.551 0.573]  col sums [1.045 0.727 0.599 0.371]
  state 113: raw row sums [1.027 0.71  0.6   0.393]  col sums [0.949 0.794 0.589 0.399]
  state 114: raw row sums [0.908 0.669 0.573 0.556]  col sums [0.861 0.889 0.586 0.369]
  state 115: raw row sums [0.964 0.741 0.569 0.447]  col sums [0.939 0.821 0.575 0.387]
  state 116: raw row sums [1.088 0.648 0.566 0.419]  col sums [1.    0.748 0.579 0.394]
  state 117: raw row sums [1.087 0.584 0.566 0.541]  col sums [1.052 0.772 0.582 0.372]
  state 118: raw row sums [1.027 0.69  0.567 0.443]  col sums [0.943 0.801 0.576 0.409]
  state 119: raw row sums [0.948 0.675 0.579 0.574]  col sums [1.046 0.759 0.589 0.382]
  state 120: raw row sums [0.942 0.633 0.523 0.618]  col sums [0.899 0.882 0.57  0.365]
  state 121: raw row sums [1.006 0.684 0.555 0.502]  col sums [0.989 0.788 0.599 0.372]
  state 122: raw row sums [1.033 0.71  0.589 0.412]  col sums [0.996 0.755 0.598 0.395]
  state 123: raw row sums [1.188 0.634 0.574 0.395]  col sums [1.128 0.692 0.572 0.4  ]
  state 124: raw row sums [1.156 0.559 0.585 0.489]  col sums [1.147 0.673 0.594 0.376]
  state 125: raw row sums [0.918 0.769 0.575 0.469]  col sums [0.983 0.799 0.559 0.39 ]
  state 126: raw row sums [1.117 0.636 0.569 0.435]  col sums [1.049 0.732 0.585 0.391]
  state 127: raw row sums [1.169 0.664 0.562 0.418]  col sums [1.111 0.733 0.571 0.399]
  state 128: raw row sums [1.004 0.721 0.603 0.431]  col sums [0.919 0.858 0.604 0.378]
  state 129: raw row sums [0.899 0.819 0.536 0.463]  col sums [0.84  0.885 0.596 0.396]
  state 130: raw row sums [1.083 0.673 0.583 0.405]  col sums [0.983 0.765 0.606 0.39 ]
  state 131: raw row sums [0.968 0.689 0.512 0.533]  col sums [0.921 0.823 0.579 0.378]
  state 132: raw row sums [0.958 0.703 0.549 0.509]  col sums [0.919 0.846 0.582 0.372]
  state 133: raw row sums [1.043 0.654 0.583 0.462]  col sums [0.924 0.839 0.597 0.383]
  state 134: raw row sums [1.06  0.623 0.598 0.452]  col sums [0.985 0.75  0.604 0.395]
hw 0: powering off
  ramp setpoint 28.2 -> 0.0  (0.5s @ 60/s)
  LASER OFF -- current 0, output disabled, TEC off. Safe to turn the key off / unplug.
hw 0: powering off
  LASER OFF -- current 0, output disabled, TEC off. Safe to turn the key off / unplug.
wrote pic_data/sessions/2026-08-27/raw_transfers_fresh.json (135 states x 4 ports x 32 reads)
