hw 1: powering on
  [OK] connected, key ON, interlocks closed
  ceilings clamped to 250 mA
  TEC OFF (open-loop; room temp-controlled)
  LASER ON at floor setpoint 5 (~0.2 mW). Use `set <dBm>` to ramp.
  ramp setpoint 5.0 -> 19.4  (0.2s @ 60/s)
  +8.0 dBm -> setpoint 19.4  (~6.3 mW; measured I 18 mA)
  state  0: raw row sums [0.511 0.409 0.371 0.387]  col sums [0.651 0.368 0.4   0.26 ]
  state  1: raw row sums [0.473 0.449 0.369 0.297]  col sums [0.51  0.256 0.406 0.416]
  state  2: raw row sums [0.4   0.44  0.351 0.248]  col sums [0.329 0.248 0.406 0.455]
  state  3: raw row sums [0.467 0.417 0.369 0.269]  col sums [0.245 0.348 0.462 0.468]
  state  4: raw row sums [0.459 0.398 0.363 0.284]  col sums [0.234 0.359 0.453 0.459]
  state  5: raw row sums [0.49  0.351 0.369 0.299]  col sums [0.157 0.481 0.453 0.418]
  state  6: raw row sums [0.455 0.429 0.391 0.277]  col sums [0.418 0.292 0.412 0.429]
  state  7: raw row sums [0.471 0.427 0.37  0.291]  col sums [0.52  0.134 0.423 0.481]
  state  8: raw row sums [0.429 0.387 0.345 0.254]  col sums [0.234 0.296 0.413 0.471]
  state  9: raw row sums [0.466 0.419 0.382 0.325]  col sums [0.662 0.112 0.416 0.401]
  state 10: raw row sums [0.423 0.377 0.347 0.267]  col sums [0.174 0.341 0.446 0.451]
  state 11: raw row sums [0.442 0.427 0.354 0.263]  col sums [0.302 0.268 0.441 0.476]
  state 12: raw row sums [0.443 0.453 0.378 0.252]  col sums [0.334 0.27  0.426 0.496]
  state 13: raw row sums [0.511 0.427 0.331 0.349]  col sums [0.677 0.173 0.418 0.35 ]
  state 14: raw row sums [0.461 0.423 0.357 0.271]  col sums [0.298 0.288 0.462 0.465]
  state 15: raw row sums [0.461 0.436 0.295 0.329]  col sums [0.348 0.373 0.45  0.35 ]
  state 16: raw row sums [0.423 0.425 0.369 0.251]  col sums [0.22  0.347 0.426 0.474]
  state 17: raw row sums [0.447 0.443 0.413 0.322]  col sums [0.525 0.376 0.435 0.288]
  state 18: raw row sums [0.449 0.419 0.383 0.256]  col sums [0.302 0.273 0.426 0.506]
  state 19: raw row sums [0.407 0.399 0.363 0.283]  col sums [0.187 0.369 0.461 0.436]
  state 20: raw row sums [0.431 0.429 0.388 0.261]  col sums [0.491 0.125 0.435 0.457]
  state 21: raw row sums [0.429 0.454 0.398 0.252]  col sums [0.472 0.142 0.415 0.504]
  state 22: raw row sums [0.432 0.381 0.363 0.254]  col sums [0.252 0.287 0.417 0.474]
  state 23: raw row sums [0.423 0.476 0.361 0.281]  col sums [0.409 0.269 0.453 0.407]
  state 24: raw row sums [0.483 0.399 0.365 0.272]  col sums [0.389 0.221 0.44  0.468]
  state 25: raw row sums [0.519 0.407 0.296 0.334]  col sums [0.457 0.317 0.459 0.324]
  state 26: raw row sums [0.436 0.447 0.355 0.279]  col sums [0.426 0.195 0.457 0.438]
  state 27: raw row sums [0.532 0.339 0.357 0.335]  col sums [0.207 0.51  0.484 0.361]
  state 28: raw row sums [0.527 0.449 0.387 0.379]  col sums [0.683 0.344 0.44  0.276]
  state 29: raw row sums [0.424 0.409 0.372 0.251]  col sums [0.242 0.325 0.404 0.484]
  state 30: raw row sums [0.484 0.425 0.381 0.332]  col sums [0.688 0.1   0.46  0.375]
  state 31: raw row sums [0.482 0.408 0.394 0.268]  col sums [0.326 0.348 0.428 0.45 ]
  state 32: raw row sums [0.433 0.416 0.355 0.282]  col sums [0.219 0.324 0.46  0.482]
  state 33: raw row sums [0.456 0.402 0.372 0.256]  col sums [0.193 0.373 0.421 0.499]
  state 34: raw row sums [0.526 0.41  0.385 0.378]  col sums [0.664 0.258 0.485 0.292]
  state 35: raw row sums [0.425 0.43  0.368 0.253]  col sums [0.328 0.24  0.414 0.494]
  state 36: raw row sums [0.375 0.443 0.381 0.247]  col sums [0.354 0.2   0.417 0.474]
  state 37: raw row sums [0.448 0.409 0.331 0.271]  col sums [0.22  0.396 0.41  0.434]
  state 38: raw row sums [0.462 0.403 0.346 0.279]  col sums [0.212 0.437 0.427 0.415]
  state 39: raw row sums [0.444 0.388 0.341 0.268]  col sums [0.206 0.343 0.428 0.464]
  state 40: raw row sums [0.464 0.436 0.375 0.252]  col sums [0.255 0.353 0.447 0.472]
  state 41: raw row sums [0.463 0.461 0.349 0.322]  col sums [0.457 0.359 0.447 0.331]
  state 42: raw row sums [0.46  0.441 0.366 0.284]  col sums [0.541 0.108 0.464 0.437]
  state 43: raw row sums [0.423 0.395 0.391 0.258]  col sums [0.211 0.37  0.407 0.479]
  state 44: raw row sums [0.386 0.387 0.358 0.272]  col sums [0.259 0.265 0.442 0.437]
  state 45: raw row sums [0.429 0.472 0.384 0.255]  col sums [0.511 0.115 0.449 0.466]
  state 46: raw row sums [0.428 0.431 0.388 0.251]  col sums [0.486 0.133 0.421 0.459]
  state 47: raw row sums [0.51  0.37  0.397 0.361]  col sums [0.641 0.222 0.435 0.34 ]
  state 48: raw row sums [0.441 0.406 0.427 0.272]  col sums [0.478 0.159 0.448 0.461]
  state 49: raw row sums [0.452 0.412 0.399 0.31 ]  col sums [0.486 0.343 0.423 0.322]
  state 50: raw row sums [0.428 0.433 0.354 0.248]  col sums [0.283 0.296 0.416 0.468]
  state 51: raw row sums [0.442 0.431 0.378 0.324]  col sums [0.372 0.476 0.42  0.307]
  state 52: raw row sums [0.427 0.402 0.37  0.263]  col sums [0.361 0.219 0.396 0.486]
  state 53: raw row sums [0.414 0.423 0.368 0.26 ]  col sums [0.231 0.326 0.426 0.482]
  state 54: raw row sums [0.486 0.431 0.356 0.333]  col sums [0.607 0.194 0.44  0.364]
  state 55: raw row sums [0.439 0.445 0.355 0.263]  col sums [0.315 0.288 0.42  0.479]
  state 56: raw row sums [0.411 0.434 0.35  0.275]  col sums [0.357 0.189 0.462 0.462]
  state 57: raw row sums [0.486 0.339 0.388 0.293]  col sums [0.204 0.453 0.44  0.408]
  state 58: raw row sums [0.457 0.406 0.347 0.275]  col sums [0.322 0.286 0.447 0.431]
  state 59: raw row sums [0.472 0.347 0.356 0.336]  col sums [0.308 0.465 0.411 0.327]
  state 60: raw row sums [0.447 0.386 0.373 0.256]  col sums [0.225 0.325 0.424 0.488]
  state 61: raw row sums [0.433 0.408 0.34  0.277]  col sums [0.232 0.316 0.446 0.465]
  state 62: raw row sums [0.485 0.399 0.36  0.263]  col sums [0.231 0.403 0.42  0.453]
  state 63: raw row sums [0.423 0.425 0.387 0.254]  col sums [0.277 0.293 0.418 0.502]
  state 64: raw row sums [0.428 0.402 0.371 0.265]  col sums [0.245 0.294 0.434 0.493]
  state 65: raw row sums [0.45  0.375 0.353 0.269]  col sums [0.272 0.306 0.396 0.472]
  state 66: raw row sums [0.477 0.401 0.374 0.316]  col sums [0.421 0.288 0.488 0.371]
  state 67: raw row sums [0.453 0.359 0.383 0.297]  col sums [0.218 0.462 0.407 0.405]
  state 68: raw row sums [0.448 0.454 0.384 0.245]  col sums [0.363 0.243 0.44  0.486]
  state 69: raw row sums [0.441 0.417 0.349 0.243]  col sums [0.238 0.325 0.423 0.464]
  state 70: raw row sums [0.383 0.437 0.362 0.253]  col sums [0.276 0.297 0.432 0.43 ]
  state 71: raw row sums [0.519 0.436 0.338 0.333]  col sums [0.414 0.479 0.386 0.347]
  state 72: raw row sums [0.437 0.413 0.356 0.254]  col sums [0.278 0.283 0.42  0.478]
  state 73: raw row sums [0.395 0.447 0.38  0.253]  col sums [0.369 0.244 0.421 0.441]
  state 74: raw row sums [0.462 0.435 0.363 0.302]  col sums [0.474 0.266 0.414 0.408]
  state 75: raw row sums [0.535 0.385 0.351 0.305]  col sums [0.275 0.486 0.418 0.397]
  state 76: raw row sums [0.461 0.366 0.336 0.304]  col sums [0.146 0.533 0.414 0.372]
  state 77: raw row sums [0.511 0.353 0.365 0.304]  col sums [0.189 0.512 0.427 0.405]
  state 78: raw row sums [0.412 0.399 0.375 0.262]  col sums [0.32  0.259 0.432 0.437]
  state 79: raw row sums [0.444 0.403 0.378 0.247]  col sums [0.243 0.341 0.421 0.468]
  state 80: raw row sums [0.467 0.386 0.384 0.344]  col sums [0.664 0.174 0.419 0.324]
  state 81: raw row sums [0.397 0.476 0.376 0.263]  col sums [0.432 0.155 0.424 0.501]
  state 82: raw row sums [0.419 0.471 0.396 0.253]  col sums [0.485 0.122 0.435 0.498]
  state 83: raw row sums [0.516 0.405 0.383 0.354]  col sums [0.745 0.125 0.427 0.361]
  state 84: raw row sums [0.469 0.417 0.372 0.253]  col sums [0.298 0.294 0.403 0.515]
  state 85: raw row sums [0.416 0.403 0.354 0.262]  col sums [0.196 0.333 0.439 0.467]
  state 86: raw row sums [0.455 0.443 0.309 0.325]  col sums [0.55  0.175 0.448 0.358]
  state 87: raw row sums [0.496 0.427 0.351 0.351]  col sums [0.663 0.207 0.424 0.33 ]
  state 88: raw row sums [0.419 0.419 0.379 0.257]  col sums [0.338 0.238 0.431 0.467]
  state 89: raw row sums [0.466 0.382 0.351 0.262]  col sums [0.238 0.32  0.421 0.483]
  state 90: raw row sums [0.42  0.409 0.379 0.248]  col sums [0.31  0.222 0.419 0.504]
  state 91: raw row sums [0.491 0.403 0.353 0.37 ]  col sums [0.697 0.167 0.432 0.321]
  state 92: raw row sums [0.473 0.367 0.372 0.274]  col sums [0.214 0.411 0.447 0.414]
  state 93: raw row sums [0.437 0.41  0.361 0.246]  col sums [0.279 0.31  0.393 0.472]
  state 94: raw row sums [0.441 0.426 0.341 0.283]  col sums [0.4   0.301 0.409 0.38 ]
  state 95: raw row sums [0.495 0.402 0.339 0.347]  col sums [0.634 0.174 0.438 0.339]
  state 96: raw row sums [0.422 0.413 0.38  0.256]  col sums [0.368 0.238 0.415 0.45 ]
  state 97: raw row sums [0.471 0.383 0.342 0.312]  col sums [0.219 0.529 0.393 0.367]
  state 98: raw row sums [0.49  0.355 0.383 0.371]  col sums [0.74  0.121 0.413 0.325]
  state 99: raw row sums [0.464 0.449 0.369 0.285]  col sums [0.441 0.303 0.402 0.42 ]
hw 0: powering off
  ramp setpoint 19.4 -> 0.0  (0.3s @ 60/s)
  LASER OFF -- current 0, output disabled, TEC off. Safe to turn the key off / unplug.
hw 0: powering off
  LASER OFF -- current 0, output disabled, TEC off. Safe to turn the key off / unplug.
wrote pic_data/sessions/2026-08-27/raw_transfers_big.json (100 states x 4 ports x 2 reads)
