  note: laser was already on; it will be turned off on exit (pass --keep-laser to leave it lit)
hw 1: powering on
  [OK] connected, key ON, interlocks closed
  ceilings clamped to 250 mA
  TEC OFF (open-loop; room temp-controlled)
  LASER ON at floor setpoint 19 (~6.3 mW). Use `set <dBm>` to ramp.
  ramp setpoint 19.4 -> 19.4  (0.0s @ 60/s)
  +8.0 dBm -> setpoint 19.4  (~6.3 mW; measured I 51 mA)
  state  0: raw row sums [0.493 0.43  0.387 0.416]  col sums [0.712 0.335 0.421 0.258]
  state  1: raw row sums [0.39  0.466 0.384 0.307]  col sums [0.503 0.231 0.421 0.393]
  state  2: raw row sums [0.386 0.455 0.368 0.258]  col sums [0.323 0.247 0.432 0.464]
  state  3: raw row sums [0.397 0.441 0.39  0.285]  col sums [0.23  0.355 0.44  0.488]
  state  4: raw row sums [0.383 0.424 0.391 0.296]  col sums [0.212 0.377 0.497 0.409]
  state  5: raw row sums [0.455 0.37  0.387 0.307]  col sums [0.193 0.496 0.439 0.391]
  state  6: raw row sums [0.402 0.447 0.412 0.297]  col sums [0.399 0.294 0.428 0.437]
  state  7: raw row sums [0.402 0.436 0.398 0.305]  col sums [0.51  0.128 0.474 0.429]
  state  8: raw row sums [0.402 0.417 0.373 0.265]  col sums [0.272 0.288 0.451 0.445]
  state  9: raw row sums [0.46  0.431 0.396 0.34 ]  col sums [0.675 0.144 0.432 0.376]
  state 10: raw row sums [0.427 0.398 0.366 0.281]  col sums [0.206 0.356 0.448 0.462]
  state 11: raw row sums [0.367 0.452 0.37  0.276]  col sums [0.318 0.25  0.443 0.454]
  state 12: raw row sums [0.361 0.479 0.409 0.267]  col sums [0.321 0.281 0.428 0.487]
  state 13: raw row sums [0.441 0.448 0.359 0.367]  col sums [0.684 0.177 0.43  0.324]
  state 14: raw row sums [0.405 0.454 0.379 0.288]  col sums [0.313 0.281 0.482 0.449]
  state 15: raw row sums [0.45  0.452 0.308 0.339]  col sums [0.348 0.377 0.461 0.364]
  state 16: raw row sums [0.475 0.444 0.385 0.261]  col sums [0.319 0.371 0.42  0.456]
  state 17: raw row sums [0.384 0.457 0.428 0.344]  col sums [0.52  0.374 0.434 0.284]
  state 18: raw row sums [0.39  0.437 0.408 0.271]  col sums [0.32  0.269 0.423 0.494]
  state 19: raw row sums [0.416 0.421 0.381 0.294]  col sums [0.199 0.399 0.469 0.445]
  state 20: raw row sums [0.364 0.458 0.415 0.273]  col sums [0.489 0.14  0.427 0.454]
  state 21: raw row sums [0.377 0.478 0.425 0.26 ]  col sums [0.469 0.166 0.421 0.483]
  state 22: raw row sums [0.397 0.399 0.39  0.271]  col sums [0.244 0.303 0.455 0.455]
  state 23: raw row sums [0.434 0.483 0.374 0.288]  col sums [0.421 0.269 0.461 0.427]
  state 24: raw row sums [0.394 0.421 0.393 0.283]  col sums [0.381 0.232 0.443 0.435]
  state 25: raw row sums [0.442 0.432 0.312 0.355]  col sums [0.419 0.319 0.467 0.336]
  state 26: raw row sums [0.399 0.469 0.372 0.293]  col sums [0.416 0.184 0.482 0.449]
  state 27: raw row sums [0.629 0.352 0.382 0.351]  col sums [0.399 0.495 0.464 0.356]
  state 28: raw row sums [0.459 0.463 0.41  0.386]  col sums [0.66  0.331 0.449 0.278]
  state 29: raw row sums [0.418 0.428 0.392 0.266]  col sums [0.275 0.339 0.416 0.475]
  state 30: raw row sums [0.431 0.437 0.391 0.352]  col sums [0.673 0.121 0.425 0.393]
  state 31: raw row sums [0.385 0.422 0.406 0.281]  col sums [0.327 0.326 0.428 0.414]
  state 32: raw row sums [0.362 0.427 0.384 0.293]  col sums [0.229 0.322 0.47  0.445]
  state 33: raw row sums [0.626 0.42  0.389 0.27 ]  col sums [0.437 0.35  0.429 0.487]
  state 34: raw row sums [0.461 0.431 0.403 0.394]  col sums [0.662 0.26  0.485 0.282]
  state 35: raw row sums [0.4   0.456 0.385 0.27 ]  col sums [0.337 0.24  0.426 0.507]
  state 36: raw row sums [0.404 0.454 0.411 0.261]  col sums [0.363 0.265 0.434 0.468]
  state 37: raw row sums [0.553 0.426 0.348 0.289]  col sums [0.36  0.411 0.433 0.411]
  state 38: raw row sums [0.446 0.421 0.361 0.299]  col sums [0.231 0.453 0.433 0.41 ]
  state 39: raw row sums [0.574 0.417 0.372 0.281]  col sums [0.409 0.353 0.433 0.45 ]
  state 40: raw row sums [0.363 0.472 0.383 0.263]  col sums [0.248 0.348 0.442 0.442]
  state 41: raw row sums [0.391 0.484 0.371 0.332]  col sums [0.452 0.354 0.471 0.3  ]
  state 42: raw row sums [0.392 0.473 0.39  0.296]  col sums [0.528 0.149 0.466 0.409]
  state 43: raw row sums [0.502 0.426 0.417 0.269]  col sums [0.327 0.401 0.439 0.446]
  state 44: raw row sums [0.372 0.416 0.372 0.281]  col sums [0.291 0.252 0.448 0.45 ]
  state 45: raw row sums [0.376 0.488 0.403 0.272]  col sums [0.519 0.127 0.43  0.463]
  state 46: raw row sums [0.461 0.446 0.41  0.274]  col sums [0.499 0.216 0.426 0.45 ]
  state 47: raw row sums [0.489 0.391 0.418 0.386]  col sums [0.659 0.246 0.439 0.338]
  state 48: raw row sums [0.403 0.422 0.446 0.279]  col sums [0.473 0.178 0.437 0.463]
  state 49: raw row sums [0.383 0.432 0.417 0.334]  col sums [0.489 0.329 0.414 0.333]
  state 50: raw row sums [0.474 0.455 0.373 0.264]  col sums [0.354 0.324 0.43  0.458]
  state 51: raw row sums [0.44  0.463 0.406 0.337]  col sums [0.375 0.513 0.439 0.319]
  state 52: raw row sums [0.386 0.426 0.389 0.274]  col sums [0.39  0.213 0.409 0.462]
  state 53: raw row sums [0.393 0.441 0.386 0.275]  col sums [0.265 0.333 0.43  0.468]
  state 54: raw row sums [0.472 0.452 0.368 0.355]  col sums [0.62  0.23  0.447 0.349]
  state 55: raw row sums [0.401 0.467 0.368 0.274]  col sums [0.333 0.3   0.428 0.449]
  state 56: raw row sums [0.372 0.458 0.371 0.293]  col sums [0.365 0.216 0.463 0.45 ]
  state 57: raw row sums [0.553 0.37  0.402 0.309]  col sums [0.373 0.461 0.418 0.382]
  state 58: raw row sums [0.419 0.435 0.37  0.295]  col sums [0.332 0.288 0.489 0.41 ]
  state 59: raw row sums [0.49  0.356 0.373 0.353]  col sums [0.35  0.463 0.426 0.333]
  state 60: raw row sums [0.422 0.409 0.396 0.268]  col sums [0.26  0.361 0.42  0.452]
  state 61: raw row sums [0.524 0.433 0.361 0.286]  col sums [0.356 0.33  0.46  0.459]
  state 62: raw row sums [0.408 0.419 0.383 0.275]  col sums [0.235 0.383 0.434 0.433]
  state 63: raw row sums [0.449 0.441 0.402 0.266]  col sums [0.339 0.301 0.427 0.491]
  state 64: raw row sums [0.402 0.432 0.386 0.272]  col sums [0.275 0.309 0.436 0.473]
  state 65: raw row sums [0.451 0.4   0.378 0.285]  col sums [0.326 0.291 0.435 0.462]
  state 66: raw row sums [0.429 0.415 0.398 0.328]  col sums [0.419 0.301 0.484 0.366]
  state 67: raw row sums [0.529 0.375 0.419 0.311]  col sums [0.331 0.447 0.449 0.407]
  state 68: raw row sums [0.349 0.46  0.4   0.26 ]  col sums [0.347 0.229 0.439 0.455]
  state 69: raw row sums [0.426 0.44  0.371 0.263]  col sums [0.308 0.312 0.417 0.462]
  state 70: raw row sums [0.467 0.449 0.38  0.267]  col sums [0.352 0.32  0.455 0.438]
  state 71: raw row sums [0.449 0.453 0.36  0.344]  col sums [0.391 0.483 0.42  0.311]
  state 72: raw row sums [0.423 0.438 0.376 0.263]  col sums [0.315 0.296 0.45  0.438]
  state 73: raw row sums [0.354 0.474 0.401 0.275]  col sums [0.413 0.237 0.415 0.439]
  state 74: raw row sums [0.364 0.448 0.378 0.308]  col sums [0.438 0.28  0.412 0.369]
  state 75: raw row sums [0.448 0.394 0.381 0.32 ]  col sums [0.298 0.458 0.426 0.36 ]
  state 76: raw row sums [0.593 0.386 0.363 0.322]  col sums [0.33  0.52  0.458 0.356]
  state 77: raw row sums [0.598 0.378 0.388 0.319]  col sums [0.363 0.498 0.473 0.349]
  state 78: raw row sums [0.393 0.43  0.401 0.282]  col sums [0.361 0.252 0.425 0.468]
  state 79: raw row sums [0.51  0.419 0.408 0.263]  col sums [0.372 0.318 0.461 0.448]
  state 80: raw row sums [0.441 0.409 0.415 0.366]  col sums [0.651 0.179 0.451 0.349]
  state 81: raw row sums [0.367 0.496 0.391 0.272]  col sums [0.438 0.155 0.442 0.49 ]
  state 82: raw row sums [0.437 0.489 0.413 0.267]  col sums [0.478 0.203 0.432 0.492]
  state 83: raw row sums [0.508 0.427 0.412 0.382]  col sums [0.74  0.189 0.441 0.358]
  state 84: raw row sums [0.465 0.447 0.394 0.268]  col sums [0.371 0.291 0.414 0.497]
  state 85: raw row sums [0.554 0.421 0.375 0.278]  col sums [0.364 0.348 0.433 0.483]
  state 86: raw row sums [0.428 0.474 0.331 0.342]  col sums [0.566 0.169 0.467 0.372]
  state 87: raw row sums [0.431 0.449 0.389 0.371]  col sums [0.642 0.244 0.431 0.323]
  state 88: raw row sums [0.374 0.43  0.396 0.273]  col sums [0.328 0.239 0.433 0.473]
  state 89: raw row sums [0.39  0.417 0.38  0.277]  col sums [0.243 0.31  0.453 0.458]
  state 90: raw row sums [0.371 0.441 0.404 0.265]  col sums [0.317 0.242 0.432 0.49 ]
  state 91: raw row sums [0.464 0.425 0.385 0.397]  col sums [0.698 0.214 0.44  0.318]
  state 92: raw row sums [0.511 0.384 0.402 0.287]  col sums [0.342 0.377 0.441 0.424]
  state 93: raw row sums [0.45  0.437 0.392 0.259]  col sums [0.351 0.299 0.424 0.464]
  state 94: raw row sums [0.414 0.457 0.379 0.302]  col sums [0.407 0.326 0.426 0.394]
  state 95: raw row sums [0.44  0.43  0.358 0.367]  col sums [0.653 0.17  0.439 0.333]
  state 96: raw row sums [0.361 0.446 0.403 0.282]  col sums [0.345 0.268 0.439 0.44 ]
  state 97: raw row sums [0.545 0.392 0.371 0.328]  col sums [0.331 0.513 0.432 0.359]
  state 98: raw row sums [0.514 0.366 0.397 0.396]  col sums [0.747 0.179 0.426 0.322]
  state 99: raw row sums [0.375 0.47  0.407 0.295]  col sums [0.427 0.286 0.425 0.408]
hw 0: powering off
  ramp setpoint 19.4 -> 0.0  (0.3s @ 60/s)
  LASER OFF -- current 0, output disabled, TEC off. Safe to turn the key off / unplug.
hw 0: powering off
  LASER OFF -- current 0, output disabled, TEC off. Safe to turn the key off / unplug.
wrote pic_data/sessions/2026-08-27/raw_transfers_fresh.json (100 states x 4 ports x 3 reads)
