hw 1: powering on
  [OK] connected, key ON, interlocks closed
  ceilings clamped to 250 mA
  TEC OFF (open-loop; room temp-controlled)
  LASER ON at floor setpoint 5 (~0.2 mW). Use `set <dBm>` to ramp.
  ramp setpoint 5.0 -> 51.7  (0.8s @ 60/s)
  +13.0 dBm -> setpoint 51.7  (~20.0 mW; measured I 69 mA)
  state  0: raw row sums [1.453 1.402 1.346 1.409]  col sums [2.309 1.155 1.307 0.838]
  state  1: raw row sums [1.495 1.57  1.342 1.085]  col sums [1.7   1.14  1.35  1.301]
  state  2: raw row sums [1.833 1.552 1.301 0.962]  col sums [1.764 0.903 1.426 1.555]
  state  3: raw row sums [2.379 1.441 1.298 0.978]  col sums [2.334 1.474 1.376 0.913]
  state  4: raw row sums [2.421 1.461 1.366 1.07 ]  col sums [2.485 1.466 1.444 0.924]
  state  5: raw row sums [2.526 1.276 1.286 1.14 ]  col sums [2.502 1.525 1.335 0.866]
  state  6: raw row sums [2.18  1.548 1.365 1.076]  col sums [2.23  1.702 1.373 0.865]
  state  7: raw row sums [2.076 1.53  1.347 1.097]  col sums [1.876 1.844 1.403 0.926]
  state  8: raw row sums [2.594 1.386 1.315 1.015]  col sums [2.386 1.621 1.376 0.928]
  state  9: raw row sums [1.973 1.481 1.414 1.198]  col sums [1.886 1.957 1.364 0.858]
  state 10: raw row sums [2.66  1.324 1.259 0.992]  col sums [2.56  1.438 1.327 0.91 ]
  state 11: raw row sums [2.405 1.56  1.303 0.937]  col sums [2.216 1.735 1.36  0.895]
  state 12: raw row sums [2.297 1.616 1.329 0.903]  col sums [2.31  1.587 1.359 0.888]
  state 13: raw row sums [1.999 1.525 1.232 1.32 ]  col sums [2.018 1.886 1.337 0.835]
  state 14: raw row sums [2.432 1.52  1.264 1.003]  col sums [2.503 1.45  1.354 0.912]
  state 15: raw row sums [2.358 1.513 1.083 1.242]  col sums [2.34  1.654 1.373 0.831]
  state 16: raw row sums [2.395 1.468 1.314 0.962]  col sums [2.382 1.508 1.331 0.918]
  state 17: raw row sums [1.821 1.545 1.5   1.218]  col sums [2.208 1.645 1.35  0.88 ]
  state 18: raw row sums [2.461 1.49  1.374 0.909]  col sums [2.293 1.641 1.388 0.911]
  state 19: raw row sums [2.351 1.416 1.346 1.039]  col sums [2.153 1.734 1.366 0.898]
  state 20: raw row sums [2.088 1.529 1.481 0.978]  col sums [1.966 1.866 1.356 0.889]
  state 21: raw row sums [2.058 1.619 1.486 0.913]  col sums [2.01  1.833 1.321 0.912]
  state 22: raw row sums [2.566 1.359 1.321 0.987]  col sums [2.383 1.548 1.382 0.921]
  state 23: raw row sums [2.226 1.661 1.337 1.054]  col sums [2.407 1.603 1.376 0.892]
  state 24: raw row sums [2.354 1.461 1.33  1.061]  col sums [2.186 1.72  1.372 0.929]
  state 25: raw row sums [2.345 1.483 1.107 1.305]  col sums [2.339 1.685 1.371 0.845]
  state 26: raw row sums [2.156 1.564 1.297 1.009]  col sums [1.95  1.826 1.357 0.893]
  state 27: raw row sums [2.53  1.2   1.259 1.27 ]  col sums [2.49  1.567 1.353 0.848]
  state 28: raw row sums [1.699 1.59  1.377 1.386]  col sums [2.044 1.768 1.37  0.87 ]
  state 29: raw row sums [2.359 1.431 1.355 0.932]  col sums [2.168 1.667 1.321 0.922]
  state 30: raw row sums [1.923 1.45  1.344 1.239]  col sums [1.83  1.892 1.374 0.859]
  state 31: raw row sums [2.337 1.48  1.354 1.016]  col sums [2.337 1.616 1.361 0.874]
  state 32: raw row sums [2.327 1.456 1.252 1.023]  col sums [2.092 1.685 1.361 0.919]
  state 33: raw row sums [2.537 1.398 1.307 0.905]  col sums [2.485 1.425 1.346 0.891]
  state 34: raw row sums [1.784 1.438 1.349 1.412]  col sums [1.947 1.793 1.361 0.883]
  state 35: raw row sums [2.411 1.542 1.314 0.912]  col sums [2.21  1.754 1.298 0.917]
  state 36: raw row sums [2.243 1.584 1.355 0.915]  col sums [2.068 1.766 1.363 0.901]
  state 37: raw row sums [2.483 1.431 1.222 1.046]  col sums [2.448 1.555 1.306 0.872]
  state 38: raw row sums [2.436 1.394 1.257 1.043]  col sums [2.446 1.481 1.337 0.865]
  state 39: raw row sums [2.541 1.435 1.297 0.961]  col sums [2.445 1.523 1.366 0.9  ]
  state 40: raw row sums [2.223 1.567 1.326 0.956]  col sums [2.078 1.719 1.374 0.901]
  state 41: raw row sums [2.018 1.669 1.289 1.244]  col sums [2.252 1.685 1.388 0.895]
  state 42: raw row sums [2.035 1.593 1.368 1.077]  col sums [1.922 1.849 1.416 0.885]
  state 43: raw row sums [2.541 1.45  1.332 0.969]  col sums [2.555 1.501 1.339 0.897]
  state 44: raw row sums [2.439 1.418 1.266 0.985]  col sums [2.174 1.69  1.349 0.895]
  state 45: raw row sums [1.988 1.626 1.379 0.972]  col sums [1.756 1.887 1.41  0.913]
  state 46: raw row sums [2.099 1.494 1.402 0.965]  col sums [1.864 1.892 1.309 0.894]
  state 47: raw row sums [2.047 1.319 1.349 1.342]  col sums [2.049 1.815 1.359 0.835]
  state 48: raw row sums [2.026 1.394 1.512 1.039]  col sums [2.004 1.696 1.347 0.925]
  state 49: raw row sums [1.936 1.462 1.483 1.2  ]  col sums [2.127 1.735 1.337 0.882]
  state 50: raw row sums [2.334 1.495 1.311 0.963]  col sums [2.283 1.569 1.353 0.898]
  state 51: raw row sums [2.113 1.565 1.367 1.227]  col sums [2.375 1.638 1.378 0.882]
  state 52: raw row sums [2.335 1.419 1.322 1.   ]  col sums [2.04  1.802 1.304 0.93 ]
  state 53: raw row sums [2.391 1.501 1.357 0.945]  col sums [2.395 1.528 1.36  0.911]
  state 54: raw row sums [1.971 1.575 1.268 1.293]  col sums [2.017 1.861 1.361 0.869]
  state 55: raw row sums [2.317 1.575 1.32  0.995]  col sums [2.445 1.507 1.349 0.905]
  state 56: raw row sums [2.315 1.558 1.299 1.013]  col sums [2.174 1.755 1.336 0.919]
  state 57: raw row sums [2.521 1.235 1.377 1.12 ]  col sums [2.485 1.522 1.388 0.859]
  state 58: raw row sums [2.311 1.462 1.28  1.095]  col sums [2.215 1.657 1.391 0.887]
  state 59: raw row sums [2.345 1.227 1.272 1.281]  col sums [2.348 1.576 1.332 0.87 ]
  state 60: raw row sums [2.438 1.358 1.314 0.962]  col sums [2.27  1.553 1.325 0.923]
  state 61: raw row sums [2.526 1.457 1.229 1.   ]  col sums [2.426 1.532 1.346 0.908]
  state 62: raw row sums [2.5   1.411 1.281 1.012]  col sums [2.454 1.521 1.329 0.9  ]
  state 63: raw row sums [2.339 1.485 1.349 0.928]  col sums [2.31  1.49  1.372 0.928]
  state 64: raw row sums [2.448 1.414 1.334 0.973]  col sums [2.31  1.537 1.397 0.924]
  state 65: raw row sums [2.559 1.351 1.297 1.052]  col sums [2.343 1.656 1.327 0.932]
  state 66: raw row sums [2.217 1.397 1.374 1.19 ]  col sums [2.183 1.715 1.416 0.865]
  state 67: raw row sums [2.489 1.291 1.346 1.133]  col sums [2.492 1.55  1.357 0.862]
  state 68: raw row sums [2.268 1.558 1.327 0.918]  col sums [2.091 1.733 1.343 0.905]
  state 69: raw row sums [2.43  1.483 1.318 0.978]  col sums [2.377 1.581 1.349 0.902]
  state 70: raw row sums [2.393 1.521 1.338 0.994]  col sums [2.388 1.587 1.359 0.912]
  state 71: raw row sums [2.185 1.55  1.274 1.224]  col sums [2.429 1.608 1.338 0.857]
  state 72: raw row sums [2.418 1.472 1.308 0.982]  col sums [2.348 1.562 1.363 0.907]
  state 73: raw row sums [2.157 1.583 1.322 0.964]  col sums [1.948 1.846 1.343 0.89 ]
  state 74: raw row sums [2.06  1.533 1.354 1.119]  col sums [1.992 1.865 1.322 0.886]
  state 75: raw row sums [2.39  1.332 1.28  1.134]  col sums [2.421 1.533 1.321 0.861]
  state 76: raw row sums [2.507 1.29  1.218 1.168]  col sums [2.493 1.49  1.355 0.846]
  state 77: raw row sums [2.578 1.277 1.278 1.173]  col sums [2.562 1.512 1.367 0.865]
  state 78: raw row sums [2.214 1.398 1.4   1.036]  col sums [2.244 1.548 1.333 0.922]
  state 79: raw row sums [2.473 1.416 1.361 0.945]  col sums [2.418 1.494 1.368 0.915]
  state 80: raw row sums [1.886 1.382 1.4   1.309]  col sums [1.939 1.81  1.375 0.853]
  state 81: raw row sums [2.112 1.659 1.366 0.949]  col sums [2.068 1.706 1.388 0.923]
