hw 1: powering on
  [OK] connected, key ON, interlocks closed
  ceilings clamped to 250 mA
  TEC on
  LASER ON at floor setpoint 5 (~0.2 mW). Use `set <dBm>` to ramp.
  ramp setpoint 5.0 -> 28.2  (0.4s @ 60/s)
  +10.0 dBm -> setpoint 28.2  (~10.0 mW; measured I 25 mA)
  state  0: raw row sums [0.829 0.696 0.651 0.675]  col sums [0.951 0.854 0.627 0.418]
  state  1: raw row sums [0.989 0.758 0.63  0.512]  col sums [0.974 0.884 0.629 0.404]
  state  2: raw row sums [1.138 0.742 0.596 0.432]  col sums [1.07  0.791 0.627 0.419]
  state  3: raw row sums [1.191 0.69  0.604 0.453]  col sums [1.165 0.709 0.637 0.427]
  state  4: raw row sums [1.121 0.682 0.612 0.483]  col sums [1.151 0.677 0.652 0.418]
  state  5: raw row sums [1.197 0.601 0.6   0.512]  col sums [1.185 0.7   0.624 0.402]
  state  6: raw row sums [1.005 0.714 0.624 0.48 ]  col sums [1.    0.796 0.629 0.398]
  state  7: raw row sums [0.991 0.7   0.602 0.488]  col sums [0.846 0.885 0.632 0.418]
  state  8: raw row sums [1.167 0.624 0.59  0.436]  col sums [1.066 0.733 0.605 0.412]
  state  9: raw row sums [0.917 0.66  0.627 0.541]  col sums [0.842 0.913 0.599 0.391]
  state 10: raw row sums [1.192 0.619 0.57  0.437]  col sums [1.134 0.672 0.604 0.408]
  state 11: raw row sums [1.095 0.709 0.574 0.428]  col sums [0.997 0.796 0.6   0.413]
  state 12: raw row sums [1.055 0.74  0.591 0.407]  col sums [1.04  0.742 0.607 0.404]
  state 13: raw row sums [0.898 0.694 0.543 0.575]  col sums [0.898 0.843 0.592 0.377]
  state 14: raw row sums [1.111 0.717 0.58  0.45 ]  col sums [1.131 0.686 0.631 0.41 ]
  state 15: raw row sums [1.114 0.697 0.482 0.552]  col sums [1.114 0.754 0.602 0.374]
  state 16: raw row sums [1.073 0.669 0.597 0.423]  col sums [1.068 0.665 0.613 0.416]
  state 17: raw row sums [0.821 0.696 0.667 0.537]  col sums [0.966 0.76  0.601 0.394]
  state 18: raw row sums [1.099 0.672 0.61  0.416]  col sums [1.016 0.74  0.621 0.419]
  state 19: raw row sums [1.057 0.648 0.6   0.464]  col sums [0.967 0.778 0.617 0.407]
  state 20: raw row sums [0.967 0.692 0.648 0.424]  col sums [0.865 0.868 0.6   0.398]
  state 21: raw row sums [0.945 0.738 0.659 0.4  ]  col sums [0.886 0.843 0.607 0.406]
  state 22: raw row sums [1.159 0.618 0.586 0.425]  col sums [1.065 0.694 0.621 0.408]
  state 23: raw row sums [1.004 0.764 0.592 0.46 ]  col sums [1.083 0.733 0.607 0.398]
  state 24: raw row sums [1.072 0.656 0.596 0.462]  col sums [0.96  0.791 0.62  0.415]
  state 25: raw row sums [1.053 0.675 0.492 0.572]  col sums [1.038 0.764 0.619 0.372]
  state 26: raw row sums [1.025 0.731 0.586 0.447]  col sums [0.911 0.871 0.603 0.403]
  state 27: raw row sums [1.172 0.55  0.566 0.564]  col sums [1.152 0.7   0.612 0.387]
  state 28: raw row sums [0.78  0.728 0.617 0.616]  col sums [0.909 0.803 0.627 0.402]
  state 29: raw row sums [1.096 0.648 0.608 0.413]  col sums [1.006 0.76  0.585 0.414]
  state 30: raw row sums [0.933 0.688 0.604 0.559]  col sums [0.859 0.924 0.617 0.385]
  state 31: raw row sums [1.064 0.674 0.594 0.447]  col sums [1.043 0.742 0.606 0.388]
  state 32: raw row sums [1.076 0.685 0.575 0.451]  col sums [0.956 0.795 0.633 0.405]
  state 33: raw row sums [1.171 0.653 0.577 0.416]  col sums [1.145 0.662 0.596 0.414]
  state 34: raw row sums [0.812 0.665 0.612 0.632]  col sums [0.912 0.804 0.62  0.385]
  state 35: raw row sums [1.094 0.705 0.59  0.403]  col sums [0.984 0.809 0.59  0.409]
  state 36: raw row sums [1.008 0.704 0.615 0.403]  col sums [0.891 0.81  0.623 0.406]
  state 37: raw row sums [1.137 0.653 0.547 0.46 ]  col sums [1.111 0.716 0.581 0.389]
  state 38: raw row sums [1.133 0.643 0.565 0.464]  col sums [1.133 0.677 0.607 0.389]
  state 39: raw row sums [1.213 0.658 0.574 0.435]  col sums [1.171 0.69  0.606 0.413]
  state 40: raw row sums [1.024 0.718 0.576 0.413]  col sums [0.964 0.777 0.597 0.393]
  state 41: raw row sums [0.92  0.773 0.567 0.546]  col sums [1.029 0.768 0.616 0.393]
  state 42: raw row sums [0.931 0.716 0.592 0.478]  col sums [0.844 0.849 0.618 0.406]
  state 43: raw row sums [1.139 0.649 0.615 0.419]  col sums [1.15  0.66  0.619 0.394]
  state 44: raw row sums [1.105 0.644 0.567 0.446]  col sums [0.994 0.745 0.61  0.413]
  state 45: raw row sums [0.916 0.761 0.616 0.431]  col sums [0.813 0.871 0.63  0.41 ]
  state 46: raw row sums [0.996 0.712 0.652 0.421]  col sums [0.886 0.891 0.604 0.399]
  state 47: raw row sums [0.971 0.617 0.609 0.614]  col sums [0.957 0.866 0.615 0.372]
  state 48: raw row sums [0.936 0.63  0.669 0.454]  col sums [0.883 0.791 0.59  0.423]
  state 49: raw row sums [0.892 0.673 0.675 0.537]  col sums [0.981 0.798 0.604 0.394]
  state 50: raw row sums [1.096 0.703 0.586 0.417]  col sums [1.056 0.752 0.594 0.401]
  state 51: raw row sums [0.947 0.71  0.598 0.536]  col sums [1.063 0.733 0.605 0.391]
  state 52: raw row sums [1.056 0.646 0.596 0.435]  col sums [0.931 0.791 0.592 0.42 ]
  state 53: raw row sums [1.104 0.683 0.601 0.417]  col sums [1.103 0.701 0.595 0.406]
  state 54: raw row sums [0.923 0.713 0.557 0.56 ]  col sums [0.888 0.88  0.601 0.385]
  state 55: raw row sums [1.079 0.726 0.593 0.441]  col sums [1.13  0.697 0.607 0.406]
  state 56: raw row sums [1.033 0.707 0.585 0.453]  col sums [0.984 0.766 0.624 0.404]
  state 57: raw row sums [1.157 0.564 0.601 0.495]  col sums [1.14  0.678 0.608 0.391]
  state 58: raw row sums [1.07  0.656 0.578 0.464]  col sums [1.025 0.758 0.6   0.385]
  state 59: raw row sums [1.098 0.568 0.57  0.573]  col sums [1.083 0.749 0.6   0.378]
  state 60: raw row sums [1.129 0.639 0.602 0.427]  col sums [1.045 0.72  0.613 0.418]
  state 61: raw row sums [1.159 0.674 0.546 0.449]  col sums [1.112 0.704 0.603 0.411]
  state 62: raw row sums [1.166 0.646 0.578 0.437]  col sums [1.142 0.681 0.605 0.399]
  state 63: raw row sums [1.074 0.684 0.595 0.409]  col sums [1.052 0.69  0.608 0.412]
  state 64: raw row sums [1.131 0.669 0.596 0.435]  col sums [1.048 0.737 0.627 0.418]
  state 65: raw row sums [1.135 0.614 0.583 0.456]  col sums [1.023 0.745 0.606 0.415]
  state 66: raw row sums [1.02  0.648 0.614 0.522]  col sums [1.022 0.761 0.638 0.383]
  state 67: raw row sums [1.134 0.584 0.609 0.498]  col sums [1.137 0.682 0.618 0.388]
  state 68: raw row sums [1.066 0.72  0.6   0.402]  col sums [0.953 0.825 0.606 0.403]
  state 69: raw row sums [1.109 0.678 0.584 0.425]  col sums [1.093 0.688 0.608 0.407]
  state 70: raw row sums [1.075 0.691 0.584 0.423]  col sums [1.076 0.703 0.598 0.396]
  state 71: raw row sums [0.97  0.703 0.56  0.538]  col sums [1.067 0.718 0.601 0.385]
  state 72: raw row sums [1.094 0.669 0.584 0.427]  col sums [1.051 0.709 0.608 0.406]
  state 73: raw row sums [0.998 0.736 0.6   0.42 ]  col sums [0.912 0.843 0.608 0.391]
  state 74: raw row sums [0.915 0.695 0.603 0.489]  col sums [0.882 0.831 0.598 0.39 ]
  state 75: raw row sums [1.131 0.626 0.578 0.509]  col sums [1.15  0.704 0.604 0.386]
  state 76: raw row sums [1.142 0.603 0.546 0.514]  col sums [1.133 0.68  0.615 0.378]
  state 77: raw row sums [1.161 0.59  0.575 0.522]  col sums [1.148 0.697 0.615 0.389]
  state 78: raw row sums [1.025 0.648 0.636 0.457]  col sums [1.013 0.728 0.615 0.41 ]
  state 79: raw row sums [1.156 0.663 0.615 0.41 ]  col sums [1.135 0.684 0.623 0.404]
  state 80: raw row sums [0.879 0.642 0.631 0.587]  col sums [0.894 0.839 0.623 0.382]
  state 81: raw row sums [0.984 0.752 0.604 0.416]  col sums [0.919 0.811 0.619 0.406]
  state 82: raw row sums [0.956 0.748 0.638 0.415]  col sums [0.888 0.846 0.603 0.419]
  state 83: raw row sums [0.92  0.665 0.615 0.587]  col sums [0.878 0.903 0.627 0.378]
  state 84: raw row sums [1.087 0.664 0.608 0.402]  col sums [1.05  0.712 0.59  0.408]
  state 85: raw row sums [1.188 0.648 0.579 0.432]  col sums [1.152 0.674 0.602 0.419]
  state 86: raw row sums [0.974 0.705 0.519 0.549]  col sums [0.927 0.834 0.608 0.378]
  state 87: raw row sums [0.877 0.691 0.582 0.586]  col sums [0.924 0.825 0.603 0.384]
  state 88: raw row sums [1.09  0.689 0.606 0.432]  col sums [1.043 0.737 0.611 0.426]
  state 89: raw row sums [1.196 0.636 0.595 0.431]  col sums [1.111 0.715 0.611 0.421]
  state 90: raw row sums [1.088 0.659 0.637 0.409]  col sums [0.957 0.817 0.6   0.418]
  state 91: raw row sums [0.854 0.648 0.59  0.622]  col sums [0.879 0.845 0.607 0.382]
  state 92: raw row sums [1.156 0.594 0.606 0.468]  col sums [1.128 0.678 0.618 0.399]
  state 93: raw row sums [1.118 0.68  0.608 0.404]  col sums [1.052 0.731 0.627 0.399]
  state 94: raw row sums [1.044 0.713 0.572 0.489]  col sums [1.066 0.749 0.617 0.386]
  state 95: raw row sums [0.937 0.659 0.552 0.585]  col sums [0.937 0.823 0.591 0.383]
  state 96: raw row sums [0.999 0.682 0.64  0.434]  col sums [0.899 0.851 0.61  0.395]
  state 97: raw row sums [1.145 0.611 0.554 0.513]  col sums [1.171 0.669 0.599 0.382]
  state 98: raw row sums [0.967 0.573 0.605 0.627]  col sums [0.895 0.891 0.616 0.37 ]
  state 99: raw row sums [0.948 0.747 0.612 0.468]  col sums [0.944 0.825 0.612 0.393]
  state 100: raw row sums [0.978 0.677 0.568 0.558]  col sums [1.069 0.733 0.593 0.386]
  state 101: raw row sums [1.079 0.695 0.612 0.418]  col sums [1.091 0.687 0.615 0.411]
  state 102: raw row sums [1.044 0.654 0.53  0.545]  col sums [1.008 0.784 0.604 0.378]
  state 103: raw row sums [1.003 0.614 0.619 0.567]  col sums [0.995 0.794 0.628 0.386]
  state 104: raw row sums [1.042 0.704 0.602 0.424]  col sums [1.043 0.694 0.626 0.409]
  state 105: raw row sums [1.136 0.632 0.604 0.432]  col sums [1.122 0.656 0.627 0.399]
  state 106: raw row sums [1.002 0.745 0.517 0.496]  col sums [0.965 0.79  0.611 0.394]
  state 107: raw row sums [0.935 0.755 0.593 0.421]  col sums [0.842 0.859 0.61  0.393]
  state 108: raw row sums [0.941 0.735 0.574 0.507]  col sums [0.932 0.831 0.603 0.39 ]
  state 109: raw row sums [0.919 0.712 0.58  0.537]  col sums [1.025 0.737 0.595 0.39 ]
  state 110: raw row sums [1.118 0.675 0.561 0.477]  col sums [1.093 0.754 0.604 0.379]
  state 111: raw row sums [0.928 0.68  0.612 0.522]  col sums [0.923 0.808 0.622 0.389]
  state 112: raw row sums [1.08  0.566 0.567 0.587]  col sums [1.077 0.721 0.61  0.391]
  state 113: raw row sums [1.051 0.718 0.615 0.398]  col sums [0.985 0.785 0.607 0.404]
  state 114: raw row sums [0.914 0.68  0.571 0.559]  col sums [0.831 0.9   0.617 0.376]
hw 0: powering off
  ramp setpoint 28.2 -> 0.0  (0.5s @ 60/s)
  LASER OFF -- current 0, output disabled, TEC off. Safe to turn the key off / unplug.
hw 0: powering off
  LASER OFF -- current 0, output disabled, TEC off. Safe to turn the key off / unplug.
wrote pic_data/sessions/2026-08-27/raw_transfers_fresh.json (115 states x 4 ports x 9 reads)
