hw 1: powering on
  [OK] connected, key ON, interlocks closed
  ceilings clamped to 250 mA
  TEC OFF (open-loop; room temp-controlled)
  LASER ON at floor setpoint 5 (~0.2 mW). Use `set <dBm>` to ramp.
  ramp setpoint 5.0 -> 51.7  (0.8s @ 60/s)
  +13.0 dBm -> setpoint 51.7  (~20.0 mW; measured I 69 mA)
  state  0: raw row sums [1.695 1.423 1.35  1.41 ]  col sums [1.97  1.723 1.309 0.875]
  state  1: raw row sums [2.044 1.569 1.334 1.096]  col sums [2.014 1.836 1.316 0.877]
  state  2: raw row sums [2.312 1.498 1.262 0.944]  col sums [2.181 1.619 1.323 0.893]
  state  3: raw row sums [2.509 1.428 1.295 0.968]  col sums [2.463 1.462 1.372 0.903]
  state  4: raw row sums [2.387 1.44  1.331 1.066]  col sums [2.447 1.452 1.41  0.916]
  state  5: raw row sums [2.54  1.282 1.281 1.142]  col sums [2.513 1.537 1.331 0.864]
  state  6: raw row sums [2.175 1.541 1.349 1.075]  col sums [2.216 1.699 1.357 0.867]
  state  7: raw row sums [2.216 1.504 1.319 1.066]  col sums [1.848 1.835 1.383 1.04 ]
  state  8: raw row sums [2.825 1.335 1.299 0.993]  col sums [2.337 1.625 1.329 1.161]
  state  9: raw row sums [2.41  1.42  1.346 1.167]  col sums [2.032 1.953 1.314 1.045]
  state 10: raw row sums [3.093 1.324 1.255 0.999]  col sums [2.504 1.245 1.482 1.44 ]
  state 11: raw row sums [2.607 1.543 1.29  0.941]  col sums [2.069 1.257 1.441 1.614]
  state 12: raw row sums [1.713 1.601 1.336 0.929]  col sums [1.614 0.883 1.412 1.669]
  state 13: raw row sums [1.991 1.536 1.234 1.319]  col sums [2.363 1.15  1.4   1.167]
  state 14: raw row sums [1.789 1.49  1.278 0.991]  col sums [1.513 0.928 1.568 1.539]
  state 15: raw row sums [1.946 1.527 1.08  1.245]  col sums [1.667 1.316 1.616 1.199]
  state 16: raw row sums [1.888 1.459 1.298 0.948]  col sums [1.486 1.18  1.349 1.579]
  state 17: raw row sums [1.292 1.523 1.478 1.22 ]  col sums [1.684 1.358 1.431 1.041]
  state 18: raw row sums [1.547 1.466 1.322 0.907]  col sums [1.359 0.877 1.373 1.633]
  state 19: raw row sums [1.645 1.417 1.345 1.04 ]  col sums [0.987 1.284 1.643 1.534]
  state 20: raw row sums [1.668 1.515 1.459 0.965]  col sums [1.684 0.9   1.46  1.562]
  state 21: raw row sums [1.29  1.589 1.452 0.904]  col sums [1.601 0.643 1.314 1.678]
  state 22: raw row sums [1.639 1.323 1.325 0.966]  col sums [1.191 0.978 1.481 1.604]
  state 23: raw row sums [2.38  1.616 1.282 1.041]  col sums [2.02  1.348 1.504 1.447]
  state 24: raw row sums [2.887 1.45  1.313 1.045]  col sums [1.931 1.731 1.452 1.581]
  state 25: raw row sums [1.938 1.459 1.074 1.29 ]  col sums [1.944 1.125 1.485 1.206]
  state 26: raw row sums [1.536 1.566 1.291 1.009]  col sums [1.371 0.897 1.549 1.584]
  state 27: raw row sums [2.303 1.197 1.263 1.264]  col sums [1.503 1.771 1.561 1.191]
  state 28: raw row sums [1.455 1.577 1.372 1.375]  col sums [2.374 1.123 1.393 0.889]
  state 29: raw row sums [1.611 1.435 1.374 0.914]  col sums [1.232 1.055 1.391 1.657]
  state 30: raw row sums [1.783 1.484 1.307 1.253]  col sums [2.38  0.671 1.443 1.332]
  state 31: raw row sums [1.573 1.479 1.34  1.013]  col sums [1.409 1.144 1.378 1.475]
  state 32: raw row sums [1.492 1.512 1.253 1.017]  col sums [0.991 1.103 1.594 1.586]
  state 33: raw row sums [1.762 1.424 1.299 0.924]  col sums [1.708 1.458 1.335 0.908]
  state 34: raw row sums [1.838 1.481 1.364 1.444]  col sums [2.016 1.861 1.373 0.877]
  state 35: raw row sums [2.362 1.513 1.305 0.903]  col sums [2.112 1.765 1.297 0.91 ]
  state 36: raw row sums [2.267 1.585 1.358 0.896]  col sums [2.015 1.84  1.367 0.885]
  state 37: raw row sums [2.473 1.428 1.219 1.029]  col sums [2.441 1.55  1.304 0.852]
  state 38: raw row sums [2.418 1.389 1.252 1.038]  col sums [2.422 1.49  1.324 0.861]
  state 39: raw row sums [2.601 1.415 1.256 0.957]  col sums [2.517 1.493 1.312 0.908]
  state 40: raw row sums [2.221 1.549 1.292 0.938]  col sums [2.081 1.695 1.342 0.881]
  state 41: raw row sums [2.01  1.669 1.252 1.228]  col sums [2.255 1.686 1.344 0.874]
  state 42: raw row sums [2.076 1.559 1.317 1.055]  col sums [1.875 1.901 1.355 0.877]
  state 43: raw row sums [2.476 1.44  1.337 0.965]  col sums [2.471 1.509 1.343 0.894]
  state 44: raw row sums [2.405 1.408 1.261 0.992]  col sums [2.136 1.688 1.345 0.898]
  state 45: raw row sums [2.004 1.631 1.333 0.95 ]  col sums [1.775 1.902 1.351 0.889]
  state 46: raw row sums [2.154 1.515 1.409 0.956]  col sums [1.86  1.949 1.338 0.886]
  state 47: raw row sums [2.095 1.321 1.363 1.345]  col sums [2.056 1.871 1.372 0.824]
  state 48: raw row sums [2.089 1.372 1.491 1.03 ]  col sums [1.957 1.789 1.314 0.923]
  state 49: raw row sums [1.922 1.446 1.48  1.184]  col sums [2.15  1.705 1.318 0.858]
  state 50: raw row sums [2.426 1.539 1.325 0.958]  col sums [2.354 1.668 1.334 0.892]
  state 51: raw row sums [2.025 1.522 1.338 1.194]  col sums [2.273 1.577 1.35  0.879]
  state 52: raw row sums [2.323 1.412 1.317 0.994]  col sums [2.079 1.746 1.298 0.922]
  state 53: raw row sums [2.426 1.506 1.348 0.944]  col sums [2.42  1.564 1.327 0.912]
  state 54: raw row sums [1.949 1.563 1.248 1.284]  col sums [2.005 1.841 1.338 0.86 ]
  state 55: raw row sums [2.35  1.584 1.314 0.985]  col sums [2.446 1.562 1.331 0.894]
  state 56: raw row sums [2.3   1.554 1.287 0.987]  col sums [2.172 1.733 1.336 0.887]
  state 57: raw row sums [2.541 1.226 1.337 1.122]  col sums [2.511 1.5   1.347 0.867]
  state 58: raw row sums [2.388 1.464 1.301 1.074]  col sums [2.3   1.703 1.371 0.853]
  state 59: raw row sums [2.389 1.228 1.267 1.287]  col sums [2.394 1.594 1.322 0.861]
  state 60: raw row sums [2.541 1.37  1.321 0.971]  col sums [2.39  1.556 1.331 0.926]
  state 61: raw row sums [2.557 1.447 1.211 0.989]  col sums [2.469 1.51  1.325 0.899]
  state 62: raw row sums [2.52  1.428 1.291 1.007]  col sums [2.47  1.542 1.341 0.894]
  state 63: raw row sums [2.357 1.501 1.342 0.915]  col sums [2.314 1.518 1.367 0.915]
  state 64: raw row sums [2.439 1.416 1.29  0.957]  col sums [2.293 1.547 1.35  0.913]
  state 65: raw row sums [2.445 1.32  1.272 1.027]  col sums [2.214 1.624 1.313 0.912]
  state 66: raw row sums [2.226 1.396 1.359 1.186]  col sums [2.182 1.728 1.397 0.86 ]
  state 67: raw row sums [2.46  1.265 1.358 1.122]  col sums [2.466 1.503 1.369 0.869]
  state 68: raw row sums [2.292 1.565 1.338 0.925]  col sums [2.129 1.726 1.354 0.911]
  state 69: raw row sums [2.377 1.443 1.277 0.966]  col sums [2.326 1.53  1.313 0.893]
  state 70: raw row sums [2.349 1.504 1.308 0.985]  col sums [2.342 1.575 1.325 0.903]
  state 71: raw row sums [2.186 1.55  1.265 1.235]  col sums [2.406 1.656 1.327 0.848]
  state 72: raw row sums [2.434 1.44  1.295 0.956]  col sums [2.374 1.563 1.306 0.883]
  state 73: raw row sums [2.15  1.598 1.334 0.962]  col sums [1.982 1.821 1.356 0.884]
  state 74: raw row sums [1.991 1.496 1.322 1.087]  col sums [1.91  1.815 1.299 0.873]
  state 75: raw row sums [2.496 1.361 1.308 1.139]  col sums [2.535 1.57  1.351 0.849]
  state 76: raw row sums [2.517 1.314 1.216 1.184]  col sums [2.499 1.538 1.35  0.844]
  state 77: raw row sums [2.513 1.282 1.268 1.174]  col sums [2.487 1.535 1.355 0.858]
  state 78: raw row sums [2.281 1.428 1.438 1.039]  col sums [2.279 1.63  1.364 0.914]
  state 79: raw row sums [2.502 1.437 1.334 0.932]  col sums [2.444 1.527 1.332 0.902]
  state 80: raw row sums [1.945 1.403 1.394 1.324]  col sums [1.982 1.867 1.368 0.849]
  state 81: raw row sums [2.149 1.65  1.36  0.938]  col sums [2.027 1.777 1.384 0.909]
  state 82: raw row sums [2.095 1.614 1.394 0.909]  col sums [1.907 1.88  1.309 0.916]
  state 83: raw row sums [1.963 1.415 1.325 1.276]  col sums [1.868 1.917 1.345 0.849]
  state 84: raw row sums [2.412 1.47  1.366 0.917]  col sums [2.373 1.545 1.326 0.922]
  state 85: raw row sums [2.569 1.419 1.292 0.957]  col sums [2.489 1.494 1.336 0.918]
  state 86: raw row sums [2.114 1.545 1.151 1.24 ]  col sums [1.994 1.833 1.381 0.841]
  state 87: raw row sums [1.957 1.492 1.267 1.283]  col sums [1.982 1.873 1.294 0.85 ]
  state 88: raw row sums [2.34  1.463 1.318 0.969]  col sums [2.236 1.613 1.317 0.924]
  state 89: raw row sums [2.593 1.381 1.31  0.981]  col sums [2.425 1.562 1.348 0.929]
  state 90: raw row sums [2.347 1.434 1.389 0.934]  col sums [2.035 1.808 1.334 0.927]
  state 91: raw row sums [1.892 1.423 1.317 1.399]  col sums [1.992 1.864 1.338 0.838]
  state 92: raw row sums [2.531 1.284 1.33  1.042]  col sums [2.49  1.487 1.345 0.866]
  state 93: raw row sums [2.491 1.485 1.323 0.911]  col sums [2.389 1.595 1.343 0.884]
  state 94: raw row sums [2.214 1.507 1.251 1.093]  col sums [2.188 1.669 1.347 0.861]
  state 95: raw row sums [2.098 1.454 1.236 1.315]  col sums [2.044 1.879 1.334 0.845]
  state 96: raw row sums [2.123 1.463 1.391 0.969]  col sums [1.916 1.816 1.336 0.878]
  state 97: raw row sums [2.495 1.338 1.25  1.176]  col sums [2.551 1.505 1.351 0.852]
  state 98: raw row sums [2.09  1.255 1.323 1.435]  col sums [2.013 1.913 1.341 0.836]
  state 99: raw row sums [2.048 1.605 1.343 1.048]  col sums [1.999 1.83  1.334 0.883]
  state 100: raw row sums [2.176 1.482 1.261 1.259]  col sums [2.394 1.648 1.296 0.839]
  state 101: raw row sums [2.292 1.482 1.325 0.938]  col sums [2.294 1.514 1.335 0.893]
  state 102: raw row sums [2.309 1.431 1.175 1.243]  col sums [2.263 1.731 1.318 0.847]
  state 103: raw row sums [2.215 1.336 1.334 1.27 ]  col sums [2.178 1.779 1.345 0.852]
  state 104: raw row sums [2.278 1.541 1.326 0.95 ]  col sums [2.253 1.571 1.362 0.91 ]
  state 105: raw row sums [2.497 1.357 1.319 0.963]  col sums [2.471 1.435 1.362 0.867]
  state 106: raw row sums [2.201 1.621 1.136 1.096]  col sums [2.12  1.76  1.327 0.848]
  state 107: raw row sums [2.096 1.654 1.316 0.953]  col sums [1.857 1.945 1.335 0.882]
  state 108: raw row sums [2.017 1.614 1.266 1.15 ]  col sums [2.075 1.777 1.324 0.871]
  state 109: raw row sums [2.068 1.57  1.296 1.254]  col sums [2.319 1.692 1.309 0.867]
  state 110: raw row sums [2.452 1.436 1.247 1.076]  col sums [2.413 1.654 1.305 0.839]
  state 111: raw row sums [2.084 1.482 1.354 1.162]  col sums [2.    1.843 1.369 0.87 ]
  state 112: raw row sums [2.319 1.214 1.25  1.306]  col sums [2.31  1.595 1.343 0.842]
  state 113: raw row sums [2.252 1.546 1.337 0.879]  col sums [2.086 1.746 1.303 0.878]
  state 114: raw row sums [1.956 1.462 1.266 1.239]  col sums [1.841 1.914 1.331 0.838]
hw 0: powering off
  ramp setpoint 51.7 -> 0.0  (0.9s @ 60/s)
  LASER OFF -- current 0, output disabled, TEC off. Safe to turn the key off / unplug.
hw 0: powering off
  LASER OFF -- current 0, output disabled, TEC off. Safe to turn the key off / unplug.
wrote pic_data/sessions/2026-08-27/raw_transfers_fresh.json (115 states x 4 ports x 9 reads)
