  note: laser was already on; it will be turned off on exit (pass --keep-laser to leave it lit)
hw 1: powering on
  [OK] connected, key ON, interlocks closed
  ceilings clamped to 250 mA
  TEC OFF (open-loop; room temp-controlled)
  LASER ON at floor setpoint 19 (~6.3 mW). Use `set <dBm>` to ramp.
  ramp setpoint 19.4 -> 19.4  (0.0s @ 60/s)
  +8.0 dBm -> setpoint 19.4  (~6.3 mW; measured I 50 mA)
  state  0: raw row sums [0.424 0.412 0.368 0.397]  col sums [0.657 0.318 0.406 0.221]
  state  1: raw row sums [0.382 0.441 0.364 0.293]  col sums [0.476 0.229 0.398 0.377]
  state  2: raw row sums [0.338 0.445 0.362 0.247]  col sums [0.303 0.241 0.416 0.431]
  state  3: raw row sums [0.363 0.423 0.382 0.274]  col sums [0.228 0.328 0.437 0.45 ]
  state  4: raw row sums [0.368 0.403 0.376 0.283]  col sums [0.194 0.344 0.473 0.419]
  state  5: raw row sums [0.412 0.361 0.375 0.304]  col sums [0.158 0.489 0.438 0.369]
  state  6: raw row sums [0.359 0.437 0.4   0.281]  col sums [0.403 0.25  0.427 0.397]
  state  7: raw row sums [0.355 0.423 0.374 0.29 ]  col sums [0.479 0.104 0.431 0.427]
  state  8: raw row sums [0.356 0.396 0.353 0.258]  col sums [0.229 0.284 0.405 0.444]
  state  9: raw row sums [0.39  0.426 0.381 0.326]  col sums [0.638 0.084 0.422 0.379]
  state 10: raw row sums [0.381 0.389 0.359 0.267]  col sums [0.166 0.351 0.445 0.433]
  state 11: raw row sums [0.333 0.439 0.363 0.257]  col sums [0.278 0.251 0.411 0.452]
  state 12: raw row sums [0.326 0.458 0.39  0.255]  col sums [0.308 0.253 0.414 0.455]
  state 13: raw row sums [0.411 0.429 0.341 0.347]  col sums [0.644 0.154 0.411 0.319]
  state 14: raw row sums [0.366 0.441 0.361 0.276]  col sums [0.288 0.27  0.441 0.445]
  state 15: raw row sums [0.421 0.441 0.3   0.333]  col sums [0.328 0.372 0.447 0.349]
  state 16: raw row sums [0.358 0.42  0.367 0.256]  col sums [0.221 0.328 0.404 0.448]
  state 17: raw row sums [0.379 0.449 0.418 0.327]  col sums [0.487 0.395 0.398 0.293]
  state 18: raw row sums [0.344 0.421 0.388 0.262]  col sums [0.274 0.253 0.409 0.479]
  state 19: raw row sums [0.358 0.409 0.371 0.284]  col sums [0.166 0.363 0.465 0.428]
  state 20: raw row sums [0.348 0.442 0.399 0.259]  col sums [0.485 0.108 0.431 0.424]
  state 21: raw row sums [0.328 0.463 0.411 0.252]  col sums [0.469 0.114 0.411 0.46 ]
  state 22: raw row sums [0.375 0.39  0.369 0.257]  col sums [0.232 0.291 0.413 0.454]
  state 23: raw row sums [0.352 0.461 0.358 0.282]  col sums [0.372 0.237 0.444 0.4  ]
  state 24: raw row sums [0.377 0.412 0.377 0.276]  col sums [0.359 0.213 0.418 0.451]
  state 25: raw row sums [0.422 0.412 0.298 0.341]  col sums [0.406 0.298 0.426 0.343]
  state 26: raw row sums [0.355 0.455 0.357 0.275]  col sums [0.412 0.165 0.458 0.407]
  state 27: raw row sums [0.448 0.34  0.362 0.343]  col sums [0.215 0.484 0.458 0.336]
  state 28: raw row sums [0.429 0.451 0.391 0.38 ]  col sums [0.674 0.313 0.425 0.239]
  state 29: raw row sums [0.357 0.412 0.375 0.257]  col sums [0.216 0.312 0.398 0.474]
  state 30: raw row sums [0.401 0.42  0.383 0.337]  col sums [0.645 0.106 0.434 0.357]
  state 31: raw row sums [0.354 0.42  0.394 0.264]  col sums [0.307 0.311 0.423 0.39 ]
  state 32: raw row sums [0.357 0.43  0.365 0.28 ]  col sums [0.225 0.308 0.466 0.433]
  state 33: raw row sums [0.375 0.415 0.379 0.258]  col sums [0.197 0.351 0.425 0.455]
  state 34: raw row sums [0.433 0.416 0.39  0.383]  col sums [0.658 0.242 0.469 0.252]
  state 35: raw row sums [0.344 0.436 0.372 0.252]  col sums [0.313 0.23  0.402 0.46 ]
  state 36: raw row sums [0.323 0.447 0.395 0.25 ]  col sums [0.344 0.205 0.409 0.458]
  state 37: raw row sums [0.385 0.412 0.332 0.275]  col sums [0.199 0.393 0.394 0.418]
  state 38: raw row sums [0.401 0.402 0.346 0.282]  col sums [0.188 0.443 0.395 0.406]
  state 39: raw row sums [0.376 0.398 0.351 0.273]  col sums [0.188 0.33  0.418 0.461]
  state 40: raw row sums [0.336 0.445 0.369 0.251]  col sums [0.239 0.312 0.423 0.426]
  state 41: raw row sums [0.385 0.475 0.355 0.327]  col sums [0.456 0.319 0.461 0.305]
  state 42: raw row sums [0.349 0.455 0.376 0.287]  col sums [0.506 0.113 0.451 0.397]
  state 43: raw row sums [0.363 0.412 0.396 0.257]  col sums [0.222 0.35  0.412 0.444]
  state 44: raw row sums [0.37  0.395 0.357 0.272]  col sums [0.245 0.256 0.45  0.443]
  state 45: raw row sums [0.323 0.469 0.391 0.262]  col sums [0.479 0.093 0.429 0.443]
  state 46: raw row sums [0.331 0.438 0.398 0.257]  col sums [0.486 0.113 0.396 0.43 ]
  state 47: raw row sums [0.429 0.376 0.398 0.365]  col sums [0.637 0.206 0.41  0.316]
  state 48: raw row sums [0.337 0.403 0.422 0.273]  col sums [0.438 0.133 0.428 0.436]
  state 49: raw row sums [0.376 0.423 0.408 0.317]  col sums [0.474 0.318 0.426 0.306]
  state 50: raw row sums [0.345 0.436 0.364 0.253]  col sums [0.277 0.273 0.402 0.446]
  state 51: raw row sums [0.393 0.437 0.383 0.32 ]  col sums [0.359 0.472 0.407 0.294]
  state 52: raw row sums [0.332 0.402 0.37  0.265]  col sums [0.33  0.194 0.393 0.451]
  state 53: raw row sums [0.369 0.43  0.374 0.262]  col sums [0.249 0.299 0.416 0.472]
  state 54: raw row sums [0.386 0.442 0.357 0.338]  col sums [0.595 0.19  0.419 0.319]
  state 55: raw row sums [0.337 0.449 0.365 0.265]  col sums [0.293 0.265 0.422 0.435]
  state 56: raw row sums [0.34  0.442 0.357 0.281]  col sums [0.367 0.188 0.428 0.437]
  state 57: raw row sums [0.416 0.358 0.387 0.299]  col sums [0.232 0.437 0.412 0.379]
  state 58: raw row sums [0.364 0.415 0.354 0.283]  col sums [0.322 0.254 0.442 0.398]
  state 59: raw row sums [0.45  0.348 0.366 0.343]  col sums [0.321 0.453 0.407 0.326]
  state 60: raw row sums [0.379 0.4   0.372 0.26 ]  col sums [0.218 0.341 0.398 0.454]
  state 61: raw row sums [0.373 0.418 0.345 0.278]  col sums [0.224 0.299 0.429 0.461]
  state 62: raw row sums [0.364 0.401 0.371 0.265]  col sums [0.199 0.366 0.41  0.426]
  state 63: raw row sums [0.342 0.436 0.395 0.255]  col sums [0.253 0.29  0.414 0.472]
  state 64: raw row sums [0.33  0.42  0.376 0.267]  col sums [0.238 0.288 0.421 0.446]
  state 65: raw row sums [0.37  0.38  0.362 0.269]  col sums [0.271 0.27  0.401 0.439]
  state 66: raw row sums [0.385 0.392 0.374 0.311]  col sums [0.384 0.258 0.458 0.362]
  state 67: raw row sums [0.386 0.364 0.393 0.299]  col sums [0.213 0.436 0.424 0.368]
  state 68: raw row sums [0.344 0.455 0.387 0.25 ]  col sums [0.346 0.226 0.401 0.463]
  state 69: raw row sums [0.373 0.421 0.357 0.253]  col sums [0.245 0.311 0.393 0.454]
  state 70: raw row sums [0.352 0.44  0.368 0.252]  col sums [0.272 0.3   0.414 0.427]
  state 71: raw row sums [0.418 0.443 0.35  0.331]  col sums [0.372 0.456 0.414 0.3  ]
  state 72: raw row sums [0.352 0.414 0.354 0.256]  col sums [0.24  0.293 0.405 0.438]
  state 73: raw row sums [0.32  0.448 0.397 0.255]  col sums [0.361 0.214 0.422 0.422]
  state 74: raw row sums [0.366 0.434 0.362 0.3  ]  col sums [0.458 0.234 0.391 0.379]
  state 75: raw row sums [0.396 0.385 0.368 0.306]  col sums [0.242 0.457 0.405 0.352]
  state 76: raw row sums [0.429 0.375 0.347 0.314]  col sums [0.164 0.543 0.414 0.345]
  state 77: raw row sums [0.414 0.364 0.364 0.309]  col sums [0.152 0.499 0.424 0.375]
  state 78: raw row sums [0.332 0.409 0.398 0.268]  col sums [0.311 0.255 0.424 0.417]
  state 79: raw row sums [0.35  0.403 0.386 0.252]  col sums [0.216 0.297 0.415 0.463]
  state 80: raw row sums [0.417 0.393 0.397 0.347]  col sums [0.635 0.17  0.416 0.333]
  state 81: raw row sums [0.335 0.466 0.38  0.26 ]  col sums [0.392 0.155 0.426 0.469]
  state 82: raw row sums [0.323 0.476 0.401 0.257]  col sums [0.471 0.116 0.401 0.468]
  state 83: raw row sums [0.423 0.406 0.39  0.362]  col sums [0.702 0.107 0.407 0.365]
  state 84: raw row sums [0.337 0.426 0.379 0.254]  col sums [0.267 0.265 0.398 0.466]
  state 85: raw row sums [0.348 0.405 0.359 0.272]  col sums [0.208 0.321 0.397 0.458]
  state 86: raw row sums [0.384 0.452 0.316 0.328]  col sums [0.556 0.146 0.441 0.336]
  state 87: raw row sums [0.413 0.43  0.366 0.353]  col sums [0.629 0.217 0.403 0.312]
  state 88: raw row sums [0.357 0.421 0.377 0.259]  col sums [0.303 0.242 0.409 0.461]
  state 89: raw row sums [0.354 0.394 0.363 0.262]  col sums [0.208 0.303 0.431 0.431]
  state 90: raw row sums [0.34  0.418 0.388 0.252]  col sums [0.301 0.227 0.408 0.462]
  state 91: raw row sums [0.4   0.401 0.366 0.371]  col sums [0.651 0.174 0.431 0.284]
  state 92: raw row sums [0.377 0.374 0.385 0.283]  col sums [0.196 0.377 0.425 0.42 ]
  state 93: raw row sums [0.349 0.418 0.379 0.244]  col sums [0.241 0.283 0.415 0.452]
  state 94: raw row sums [0.367 0.439 0.355 0.289]  col sums [0.356 0.305 0.407 0.382]
  state 95: raw row sums [0.423 0.417 0.341 0.352]  col sums [0.653 0.143 0.409 0.329]
  state 96: raw row sums [0.332 0.424 0.39  0.26 ]  col sums [0.32  0.261 0.407 0.418]
  state 97: raw row sums [0.419 0.388 0.357 0.319]  col sums [0.208 0.512 0.416 0.346]
  state 98: raw row sums [0.45  0.36  0.388 0.387]  col sums [0.735 0.114 0.415 0.322]
  state 99: raw row sums [0.362 0.461 0.383 0.288]  col sums [0.421 0.274 0.404 0.395]
  state 100: raw row sums [0.424 0.421 0.35  0.335]  col sums [0.389 0.447 0.399 0.295]
  state 101: raw row sums [0.338 0.428 0.394 0.26 ]  col sums [0.28  0.275 0.419 0.446]
  state 102: raw row sums [0.408 0.398 0.329 0.324]  col sums [0.409 0.291 0.41  0.348]
  state 103: raw row sums [0.411 0.376 0.396 0.339]  col sums [0.52  0.239 0.416 0.347]
  state 104: raw row sums [0.35  0.442 0.378 0.263]  col sums [0.263 0.294 0.424 0.453]
  state 105: raw row sums [0.355 0.394 0.373 0.267]  col sums [0.167 0.385 0.407 0.432]
  state 106: raw row sums [0.37  0.461 0.323 0.298]  col sums [0.393 0.2   0.478 0.381]
  state 107: raw row sums [0.326 0.47  0.364 0.258]  col sums [0.436 0.152 0.401 0.429]
  state 108: raw row sums [0.392 0.448 0.368 0.296]  col sums [0.478 0.238 0.417 0.371]
  state 109: raw row sums [0.403 0.455 0.363 0.326]  col sums [0.406 0.423 0.419 0.298]
  state 110: raw row sums [0.391 0.416 0.342 0.296]  col sums [0.317 0.333 0.401 0.395]
  state 111: raw row sums [0.389 0.428 0.39  0.315]  col sums [0.557 0.166 0.413 0.385]
  state 112: raw row sums [0.42  0.349 0.353 0.352]  col sums [0.319 0.418 0.437 0.3  ]
  state 113: raw row sums [0.322 0.441 0.383 0.253]  col sums [0.205 0.333 0.398 0.464]
  state 114: raw row sums [0.4   0.436 0.355 0.345]  col sums [0.608 0.132 0.449 0.346]
  state 115: raw row sums [0.344 0.444 0.375 0.273]  col sums [0.36  0.274 0.405 0.398]
  state 116: raw row sums [0.359 0.399 0.385 0.265]  col sums [0.236 0.333 0.406 0.434]
  state 117: raw row sums [0.418 0.357 0.386 0.326]  col sums [0.364 0.355 0.412 0.355]
  state 118: raw row sums [0.364 0.409 0.368 0.274]  col sums [0.232 0.362 0.403 0.417]
  state 119: raw row sums [0.408 0.426 0.379 0.344]  col sums [0.339 0.524 0.412 0.283]
  state 120: raw row sums [0.437 0.4   0.343 0.386]  col sums [0.726 0.134 0.405 0.302]
  state 121: raw row sums [0.381 0.425 0.362 0.313]  col sums [0.39  0.278 0.463 0.35 ]
  state 122: raw row sums [0.339 0.434 0.376 0.252]  col sums [0.254 0.289 0.418 0.441]
  state 123: raw row sums [0.374 0.401 0.356 0.251]  col sums [0.185 0.346 0.392 0.46 ]
  state 124: raw row sums [0.413 0.345 0.397 0.301]  col sums [0.143 0.521 0.42  0.372]
  state 125: raw row sums [0.336 0.481 0.378 0.28 ]  col sums [0.426 0.301 0.396 0.352]
  state 126: raw row sums [0.4   0.388 0.353 0.267]  col sums [0.207 0.338 0.427 0.436]
  state 127: raw row sums [0.342 0.407 0.349 0.265]  col sums [0.203 0.32  0.405 0.436]
  state 128: raw row sums [0.341 0.436 0.395 0.263]  col sums [0.414 0.199 0.417 0.405]
  state 129: raw row sums [0.319 0.505 0.357 0.282]  col sums [0.503 0.1   0.449 0.41 ]
  state 130: raw row sums [0.356 0.421 0.373 0.256]  col sums [0.304 0.239 0.419 0.443]
  state 131: raw row sums [0.389 0.437 0.323 0.32 ]  col sums [0.542 0.18  0.403 0.344]
  state 132: raw row sums [0.397 0.438 0.358 0.306]  col sums [0.548 0.179 0.405 0.366]
  state 133: raw row sums [0.366 0.403 0.379 0.278]  col sums [0.418 0.191 0.413 0.405]
  state 134: raw row sums [0.371 0.386 0.393 0.285]  col sums [0.265 0.352 0.408 0.41 ]
  state 135: raw row sums [0.33  0.432 0.389 0.245]  col sums [0.268 0.299 0.4   0.429]
  state 136: raw row sums [0.344 0.444 0.38  0.259]  col sums [0.264 0.304 0.428 0.43 ]
  state 137: raw row sums [0.338 0.454 0.371 0.254]  col sums [0.38  0.151 0.4   0.486]
  state 138: raw row sums [0.413 0.388 0.342 0.312]  col sums [0.231 0.431 0.414 0.379]
  state 139: raw row sums [0.383 0.39  0.374 0.248]  col sums [0.195 0.338 0.406 0.457]
  state 140: raw row sums [0.343 0.478 0.387 0.255]  col sums [0.373 0.199 0.409 0.481]
  state 141: raw row sums [0.39  0.42  0.362 0.259]  col sums [0.227 0.319 0.415 0.469]
  state 142: raw row sums [0.412 0.413 0.302 0.322]  col sums [0.282 0.427 0.411 0.329]
  state 143: raw row sums [0.401 0.425 0.391 0.341]  col sums [0.513 0.324 0.44  0.281]
  state 144: raw row sums [0.364 0.421 0.37  0.251]  col sums [0.286 0.237 0.396 0.486]
  state 145: raw row sums [0.334 0.43  0.386 0.256]  col sums [0.226 0.323 0.402 0.455]
  state 146: raw row sums [0.362 0.451 0.399 0.272]  col sums [0.341 0.333 0.41  0.4  ]
  state 147: raw row sums [0.375 0.42  0.364 0.252]  col sums [0.237 0.318 0.4   0.456]
  state 148: raw row sums [0.323 0.442 0.4   0.254]  col sums [0.379 0.194 0.395 0.451]
  state 149: raw row sums [0.385 0.424 0.354 0.291]  col sums [0.238 0.354 0.457 0.405]
  state 150: raw row sums [0.375 0.386 0.396 0.278]  col sums [0.212 0.418 0.419 0.387]
  state 151: raw row sums [0.324 0.456 0.38  0.257]  col sums [0.319 0.23  0.406 0.461]
  state 152: raw row sums [0.414 0.46  0.318 0.347]  col sums [0.622 0.173 0.419 0.324]
  state 153: raw row sums [0.353 0.443 0.373 0.27 ]  col sums [0.313 0.261 0.44  0.423]
  state 154: raw row sums [0.354 0.41  0.386 0.251]  col sums [0.239 0.285 0.411 0.466]
hw 0: powering off
  ramp setpoint 19.4 -> 0.0  (0.3s @ 60/s)
  LASER OFF -- current 0, output disabled, TEC off. Safe to turn the key off / unplug.
hw 0: powering off
  LASER OFF -- current 0, output disabled, TEC off. Safe to turn the key off / unplug.
wrote pic_data/sessions/2026-08-27/raw_transfers_fresh.json (155 states x 4 ports x 3 reads)
