hw 1: powering on
  [OK] connected, key ON, interlocks closed
  ceilings clamped to 250 mA
  TEC OFF (open-loop; room temp-controlled)
  LASER ON at floor setpoint 5 (~0.2 mW). Use `set <dBm>` to ramp.
  ramp setpoint 5.0 -> 19.4  (0.2s @ 60/s)
  +8.0 dBm -> setpoint 19.4  (~6.3 mW; measured I 17 mA)
  state  0: raw row sums [0.522 0.405 0.368 0.396]  col sums [0.67  0.377 0.387 0.257]
  state  1: raw row sums [0.464 0.442 0.368 0.299]  col sums [0.503 0.25  0.423 0.398]
  state  2: raw row sums [0.44  0.438 0.354 0.249]  col sums [0.322 0.267 0.413 0.479]
  state  3: raw row sums [0.43  0.402 0.374 0.268]  col sums [0.233 0.321 0.437 0.483]
  state  4: raw row sums [0.454 0.407 0.379 0.285]  col sums [0.215 0.385 0.471 0.453]
  state  5: raw row sums [0.485 0.357 0.37  0.298]  col sums [0.178 0.484 0.446 0.402]
  state  6: raw row sums [0.449 0.432 0.388 0.281]  col sums [0.447 0.262 0.434 0.406]
  state  7: raw row sums [0.484 0.426 0.374 0.293]  col sums [0.539 0.13  0.441 0.467]
  state  8: raw row sums [0.483 0.392 0.348 0.261]  col sums [0.254 0.283 0.452 0.495]
  state  9: raw row sums [0.503 0.42  0.385 0.329]  col sums [0.698 0.095 0.417 0.428]
  state 10: raw row sums [0.464 0.384 0.351 0.271]  col sums [0.17  0.38  0.432 0.489]
  state 11: raw row sums [0.44  0.429 0.348 0.259]  col sums [0.318 0.237 0.439 0.483]
  state 12: raw row sums [0.422 0.461 0.387 0.255]  col sums [0.358 0.249 0.449 0.469]
  state 13: raw row sums [0.514 0.429 0.34  0.351]  col sums [0.668 0.199 0.396 0.372]
  state 14: raw row sums [0.46  0.435 0.367 0.27 ]  col sums [0.307 0.282 0.492 0.45 ]
  state 15: raw row sums [0.506 0.427 0.291 0.332]  col sums [0.363 0.354 0.495 0.344]
  state 16: raw row sums [0.44  0.418 0.371 0.252]  col sums [0.236 0.345 0.427 0.473]
  state 17: raw row sums [0.485 0.449 0.415 0.321]  col sums [0.513 0.408 0.425 0.324]
  state 18: raw row sums [0.428 0.42  0.392 0.256]  col sums [0.282 0.279 0.42  0.515]
  state 19: raw row sums [0.441 0.402 0.363 0.28 ]  col sums [0.2   0.374 0.473 0.437]
  state 20: raw row sums [0.413 0.442 0.398 0.257]  col sums [0.5   0.119 0.449 0.443]
  state 21: raw row sums [0.406 0.457 0.408 0.252]  col sums [0.455 0.156 0.433 0.48 ]
  state 22: raw row sums [0.456 0.379 0.373 0.252]  col sums [0.232 0.314 0.422 0.493]
  state 23: raw row sums [0.447 0.477 0.368 0.282]  col sums [0.417 0.265 0.479 0.413]
  state 24: raw row sums [0.444 0.403 0.375 0.269]  col sums [0.378 0.213 0.416 0.484]
  state 25: raw row sums [0.502 0.416 0.299 0.338]  col sums [0.443 0.312 0.458 0.342]
  state 26: raw row sums [0.434 0.449 0.353 0.275]  col sums [0.411 0.189 0.446 0.464]
  state 27: raw row sums [0.515 0.331 0.359 0.331]  col sums [0.215 0.494 0.484 0.344]
  state 28: raw row sums [0.506 0.446 0.385 0.372]  col sums [0.665 0.345 0.415 0.284]
  state 29: raw row sums [0.435 0.409 0.376 0.26 ]  col sums [0.249 0.319 0.439 0.473]
  state 30: raw row sums [0.478 0.415 0.384 0.339]  col sums [0.647 0.128 0.429 0.412]
  state 31: raw row sums [0.479 0.408 0.385 0.262]  col sums [0.335 0.345 0.41  0.444]
  state 32: raw row sums [0.45  0.416 0.361 0.283]  col sums [0.244 0.336 0.452 0.479]
  state 33: raw row sums [0.444 0.404 0.371 0.258]  col sums [0.208 0.346 0.436 0.487]
  state 34: raw row sums [0.523 0.411 0.381 0.385]  col sums [0.671 0.286 0.448 0.294]
  state 35: raw row sums [0.434 0.435 0.369 0.254]  col sums [0.324 0.247 0.413 0.509]
  state 36: raw row sums [0.44  0.45  0.394 0.242]  col sums [0.39  0.209 0.437 0.49 ]
  state 37: raw row sums [0.47  0.4   0.325 0.268]  col sums [0.221 0.403 0.392 0.448]
  state 38: raw row sums [0.499 0.402 0.344 0.277]  col sums [0.215 0.455 0.412 0.44 ]
  state 39: raw row sums [0.448 0.404 0.355 0.269]  col sums [0.178 0.374 0.438 0.487]
  state 40: raw row sums [0.424 0.453 0.37  0.254]  col sums [0.25  0.355 0.449 0.448]
  state 41: raw row sums [0.48  0.457 0.357 0.321]  col sums [0.424 0.372 0.474 0.345]
  state 42: raw row sums [0.443 0.454 0.373 0.291]  col sums [0.541 0.115 0.443 0.463]
  state 43: raw row sums [0.434 0.406 0.389 0.258]  col sums [0.242 0.368 0.423 0.453]
  state 44: raw row sums [0.429 0.396 0.35  0.271]  col sums [0.289 0.262 0.451 0.445]
  state 45: raw row sums [0.429 0.461 0.384 0.264]  col sums [0.486 0.111 0.439 0.502]
  state 46: raw row sums [0.423 0.43  0.385 0.254]  col sums [0.477 0.145 0.41  0.459]
  state 47: raw row sums [0.505 0.375 0.399 0.365]  col sums [0.676 0.204 0.437 0.329]
  state 48: raw row sums [0.466 0.404 0.433 0.266]  col sums [0.493 0.152 0.449 0.474]
  state 49: raw row sums [0.47  0.424 0.408 0.317]  col sums [0.51  0.335 0.422 0.353]
  state 50: raw row sums [0.441 0.435 0.358 0.252]  col sums [0.28  0.295 0.422 0.489]
  state 51: raw row sums [0.476 0.438 0.387 0.318]  col sums [0.37  0.498 0.411 0.34 ]
  state 52: raw row sums [0.435 0.403 0.367 0.262]  col sums [0.381 0.194 0.423 0.469]
  state 53: raw row sums [0.424 0.427 0.373 0.256]  col sums [0.259 0.309 0.426 0.485]
  state 54: raw row sums [0.489 0.444 0.364 0.342]  col sums [0.605 0.225 0.449 0.36 ]
  state 55: raw row sums [0.44  0.453 0.361 0.27 ]  col sums [0.341 0.27  0.449 0.464]
  state 56: raw row sums [0.426 0.436 0.355 0.278]  col sums [0.374 0.197 0.482 0.441]
  state 57: raw row sums [0.477 0.358 0.399 0.3  ]  col sums [0.228 0.466 0.437 0.404]
  state 58: raw row sums [0.451 0.42  0.356 0.28 ]  col sums [0.316 0.299 0.459 0.433]
  state 59: raw row sums [0.511 0.348 0.372 0.34 ]  col sums [0.328 0.473 0.415 0.355]
  state 60: raw row sums [0.449 0.388 0.382 0.262]  col sums [0.219 0.345 0.413 0.504]
  state 61: raw row sums [0.454 0.42  0.354 0.277]  col sums [0.245 0.321 0.472 0.468]
  state 62: raw row sums [0.454 0.403 0.375 0.265]  col sums [0.242 0.369 0.436 0.45 ]
  state 63: raw row sums [0.439 0.429 0.386 0.262]  col sums [0.294 0.285 0.434 0.504]
  state 64: raw row sums [0.445 0.407 0.379 0.27 ]  col sums [0.271 0.281 0.453 0.497]
  state 65: raw row sums [0.449 0.381 0.356 0.276]  col sums [0.306 0.281 0.421 0.455]
  state 66: raw row sums [0.472 0.393 0.375 0.314]  col sums [0.427 0.257 0.509 0.362]
  state 67: raw row sums [0.478 0.362 0.396 0.302]  col sums [0.212 0.484 0.439 0.403]
  state 68: raw row sums [0.421 0.453 0.393 0.253]  col sums [0.364 0.234 0.449 0.472]
  state 69: raw row sums [0.425 0.421 0.349 0.254]  col sums [0.251 0.313 0.437 0.447]
  state 70: raw row sums [0.428 0.429 0.362 0.257]  col sums [0.298 0.291 0.448 0.438]
  state 71: raw row sums [0.5   0.443 0.349 0.337]  col sums [0.413 0.468 0.425 0.324]
  state 72: raw row sums [0.455 0.415 0.363 0.258]  col sums [0.281 0.309 0.423 0.478]
  state 73: raw row sums [0.425 0.455 0.396 0.261]  col sums [0.397 0.249 0.423 0.468]
  state 74: raw row sums [0.437 0.441 0.364 0.301]  col sums [0.457 0.277 0.412 0.398]
  state 75: raw row sums [0.458 0.384 0.373 0.302]  col sums [0.241 0.469 0.43  0.376]
  state 76: raw row sums [0.482 0.362 0.336 0.312]  col sums [0.149 0.549 0.419 0.375]
  state 77: raw row sums [0.472 0.35  0.371 0.308]  col sums [0.15  0.525 0.441 0.385]
  state 78: raw row sums [0.414 0.407 0.386 0.265]  col sums [0.33  0.261 0.454 0.426]
  state 79: raw row sums [0.441 0.402 0.386 0.25 ]  col sums [0.256 0.299 0.419 0.506]
  state 80: raw row sums [0.531 0.406 0.403 0.358]  col sums [0.714 0.177 0.445 0.362]
  state 81: raw row sums [0.426 0.478 0.382 0.263]  col sums [0.449 0.153 0.453 0.493]
  state 82: raw row sums [0.412 0.483 0.404 0.26 ]  col sums [0.503 0.122 0.407 0.526]
  state 83: raw row sums [0.499 0.41  0.398 0.361]  col sums [0.752 0.113 0.42  0.385]
  state 84: raw row sums [0.41  0.431 0.382 0.257]  col sums [0.287 0.311 0.402 0.479]
  state 85: raw row sums [0.415 0.408 0.362 0.267]  col sums [0.194 0.337 0.454 0.467]
  state 86: raw row sums [0.489 0.446 0.307 0.324]  col sums [0.575 0.14  0.488 0.363]
  state 87: raw row sums [0.521 0.435 0.369 0.36 ]  col sums [0.674 0.246 0.408 0.357]
  state 88: raw row sums [0.441 0.424 0.382 0.262]  col sums [0.309 0.284 0.426 0.49 ]
  state 89: raw row sums [0.423 0.392 0.355 0.269]  col sums [0.201 0.311 0.469 0.458]
  state 90: raw row sums [0.445 0.418 0.387 0.257]  col sums [0.33  0.26  0.402 0.515]
  state 91: raw row sums [0.488 0.401 0.367 0.374]  col sums [0.674 0.209 0.453 0.294]
  state 92: raw row sums [0.473 0.367 0.389 0.277]  col sums [0.211 0.379 0.466 0.45 ]
  state 93: raw row sums [0.417 0.417 0.379 0.249]  col sums [0.258 0.307 0.44  0.458]
  state 94: raw row sums [0.452 0.429 0.357 0.289]  col sums [0.383 0.285 0.451 0.408]
  state 95: raw row sums [0.524 0.411 0.346 0.351]  col sums [0.68  0.156 0.423 0.373]
  state 96: raw row sums [0.449 0.431 0.386 0.263]  col sums [0.336 0.266 0.454 0.472]
  state 97: raw row sums [0.469 0.383 0.352 0.317]  col sums [0.196 0.549 0.425 0.351]
  state 98: raw row sums [0.52  0.365 0.392 0.391]  col sums [0.783 0.121 0.422 0.342]
  state 99: raw row sums [0.432 0.458 0.385 0.286]  col sums [0.438 0.276 0.421 0.427]
hw 0: powering off
  ramp setpoint 19.4 -> 0.0  (0.3s @ 60/s)
  LASER OFF -- current 0, output disabled, TEC off. Safe to turn the key off / unplug.
hw 0: powering off
  LASER OFF -- current 0, output disabled, TEC off. Safe to turn the key off / unplug.
wrote pic_data/sessions/2026-08-27/raw_transfers_20C.json (100 states x 4 ports x 2 reads)
