session budget 4.1 min (one 2x2 block x 4 vectors, 1 term(s) -> 20 heater programs at 8.9 s per four-port sweep)
hw 1: powering on
  [OK] connected, key ON, interlocks closed
  ceilings clamped to 250 mA
  TEC on
  LASER ON at floor setpoint 5 (~0.2 mW). Use `set <dBm>` to ramp.
  ramp setpoint 5.0 -> 28.2  (0.4s @ 60/s)
  +10.0 dBm -> setpoint 28.2  (~10.0 mW; measured I 24 mA)
  reanchor: table moved 0.0013, inside the 0.0179 repeat floor for m=10 -- left alone
heater box: 8 steerable channels, widest span 1.51 pi (measured calibration)
transfer table: 115 measured states from /Users/gojira/Documents/GitHub.nosync/PIC/4x4/pic_data/sessions/2026-08-27/raw_transfers_fresh.json

target B:
[[ 0.126 -0.132]
 [ 0.64   0.105]]

rails out(1, 3) in(0, 3), shift decomposition
hosted residual 0.0259 (picked off the measured table)   twin predicts 0.0364 vs target
MEASURED matrix vs target 0.0381   (shape 0.0275, brightness x1.026, cond 4.6)
x                            B x                          measured                         err
[ 0.13 -0.13]                [0.03 0.07]                  [0.03 0.07]                    0.036
[0.64 0.1 ]                  [0.07 0.42]                  [0.06 0.42]                    0.026
[-0.54  0.36]                [-0.12 -0.31]                [-0.1  -0.31]                  0.032
[1.3  0.95]                  [0.04 0.93]                  [0.02 0.94]                    0.022
mean vector error 0.0290 (uncorrected 0.0363; the measured scale x1.026 is divided out), sign accuracy 100%
cost: 1 heater writes, 24 switch moves, 24 reads for the matrix and 4 vectors -- the vectors are arithmetic on the held sweep, so their error is a function of the measured matrix, not a second opinion on it
hw 0: powering off
  ramp setpoint 28.2 -> 0.0  (0.5s @ 60/s)
  LASER OFF -- current 0, output disabled, TEC off. Safe to turn the key off / unplug.
hw 0: powering off
  LASER OFF -- current 0, output disabled, TEC off. Safe to turn the key off / unplug.
