session budget 1.4 min (one 2x2 block x 4 vectors, 1 term(s) -> 6 heater programs at 8.9 s per four-port sweep)
hw 1: powering on
  [OK] connected, key ON, interlocks closed
  ceilings clamped to 250 mA
  TEC OFF (open-loop; room temp-controlled)
  LASER ON at floor setpoint 5 (~0.2 mW). Use `set <dBm>` to ramp.
  ramp setpoint 5.0 -> 19.4  (0.2s @ 60/s)
  +8.0 dBm -> setpoint 19.4  (~6.3 mW; measured I 18 mA)
  retie: table moved 0.0140, inside the 0.0179 repeat floor for m=5 -- left alone
heater box: 8 steerable channels, widest span 1.51 pi (measured calibration)
transfer table: 155 measured states from /Users/gojira/Documents/GitHub.nosync/PIC/4x4/pic_data/sessions/2026-08-27/raw_transfers_fresh.json

target B:
[[ 0.126 -0.132]
 [ 0.64   0.105]]

rails out(1, 2) in(1, 2), shift decomposition
hosted residual 0.0211 (picked off the measured table)   twin predicts 0.0296 vs target
MEASURED matrix vs target 0.1211   (shape 0.0444, brightness x1.111, cond 5.2)
x                            B x                          measured                         err
[ 0.13 -0.13]                [0.03 0.07]                  [0.03 0.07]                    0.046
[0.64 0.1 ]                  [0.07 0.42]                  [0.08 0.42]                    0.021
[-0.54  0.36]                [-0.12 -0.31]                [-0.11 -0.31]                  0.030
[1.3  0.95]                  [0.04 0.93]                  [0.07 0.92]                    0.037
mean vector error 0.0333 (uncorrected 0.1287; the measured scale x1.111 is divided out), sign accuracy 100%
cost: 1 heater writes, 24 switch moves, 24 reads for the matrix and 4 vectors -- the vectors are arithmetic on the held sweep, so their error is a function of the measured matrix, not a second opinion on it

the mesh does not host this target: the 0.1211 above is MEASURED, and it is in the MATRIX, not the readout. Try --scan for better rails, or a smaller block.
  the twin predicted 0.0296 for the same plan, so that gap is the model and not the bench -- re-characterize before believing any fitted program.
hw 0: powering off
  ramp setpoint 19.4 -> 0.0  (0.3s @ 60/s)
  LASER OFF -- current 0, output disabled, TEC off. Safe to turn the key off / unplug.
hw 0: powering off
  LASER OFF -- current 0, output disabled, TEC off. Safe to turn the key off / unplug.
