session budget 32.1 min (8x8 in 16 2x2 tiles x 4 columns, 1 term(s) -> 165 heater programs at 8.9 s per four-port sweep)
hw 1: powering on
  [OK] connected, key ON, interlocks closed
  ceilings clamped to 250 mA
  TEC OFF (open-loop; room temp-controlled)
  LASER ON at floor setpoint 5 (~0.2 mW). Use `set <dBm>` to ramp.
  ramp setpoint 5.0 -> 19.4  (0.2s @ 60/s)
  +8.0 dBm -> setpoint 19.4  (~6.3 mW; measured I 18 mA)
  retie: table moved 0.0169, inside the 0.0179 repeat floor for m=5 -- left alone
heater box: 8 steerable channels, widest span 1.51 pi (measured calibration)
transfer table: 155 measured states from /Users/gojira/Documents/GitHub.nosync/PIC/4x4/pic_data/sessions/2026-08-27/raw_transfers_fresh.json

target B:
[[ 0.126 -0.132  0.64   0.105 -0.536  0.362  1.304  0.947]
 [-0.704 -1.265 -0.623  0.041 -2.325 -0.219 -1.246 -0.732]
 [-0.544 -0.316  0.412  1.043 -0.129  1.366 -0.665  0.352]
 [ 0.903  0.094 -0.743 -0.922 -0.458  0.22  -1.01  -0.209]
 [-0.159  0.541  0.215  0.355 -0.654 -0.13   0.784  1.493]
 [-1.259  1.514  1.346  0.781  0.264 -0.314  1.458  1.96 ]
 [ 1.802  1.315  0.357 -1.208 -0.004  0.656 -1.288  0.395]
 [ 0.43   0.696 -1.184 -0.662 -0.436 -1.17   1.739 -0.496]]
refined 16 tiles on-chip, 8 trials each: mean hosted residual 0.0541 -> 0.0406

8x8 in 16 tiles of 2x2 on rails out(1, 2) in(1, 2)
hosted residual 0.1018 (picked off the measured table)   twin predicts 0.0781 vs target
MEASURED matrix vs target 0.0717
cost: 160 heater writes, 3840 switch moves, 3840 reads  ->  960 reads per column of X; the writes and switch moves are per TILE and do not grow with the 4 columns
Y error 0.0640, sign accuracy 97% (the sum over tiles is done in software; the chip did every multiply)

the mesh does not host this target: the 0.0717 above is MEASURED, and it is in the MATRIX, not the readout. Try --scan for better rails, or a smaller block.
hw 0: powering off
  ramp setpoint 19.4 -> 0.0  (0.3s @ 60/s)
  LASER OFF -- current 0, output disabled, TEC off. Safe to turn the key off / unplug.
hw 0: powering off
  LASER OFF -- current 0, output disabled, TEC off. Safe to turn the key off / unplug.
