session budget 4.1 min (one 2x2 block x 4 vectors, 1 term(s) -> 20 heater programs at 8.9 s per four-port sweep)
hw 1: powering on
  [OK] connected, key ON, interlocks closed
  ceilings clamped to 250 mA
  TEC OFF (open-loop; room temp-controlled)
  LASER ON at floor setpoint 5 (~0.2 mW). Use `set <dBm>` to ramp.
  ramp setpoint 5.0 -> 51.7  (0.8s @ 60/s)
  +13.0 dBm -> setpoint 51.7  (~20.0 mW; measured I 69 mA)
  reanchor: table moved 0.0021, inside the 0.0179 repeat floor for m=10 -- left alone
heater box: 8 steerable channels, widest span 1.51 pi (measured calibration)
transfer table: 82 measured states from /Users/gojira/Documents/GitHub.nosync/PIC/4x4/pic_data/sessions/2026-08-27/raw_transfers_fresh.json

target B:
[[ 0.126 -0.132]
 [ 0.64   0.105]]

rails out(0, 1) in(0, 1), shift decomposition
hosted residual 0.1087 (picked off the measured table)   twin predicts 0.1525 vs target
MEASURED matrix vs target 0.3041   (shape 0.2217, brightness x0.745, cond 4.9)
x                            B x                          measured                         err
[ 0.13 -0.13]                [0.03 0.07]                  [0.05 0.08]                    0.260
[0.64 0.1 ]                  [0.07 0.42]                  [0.14 0.4 ]                    0.179
[-0.54  0.36]                [-0.12 -0.31]                [-0.18 -0.33]                  0.221
[1.3  0.95]                  [0.04 0.93]                  [0.18 0.84]                    0.188
mean vector error 0.2120 (uncorrected 0.2412; the measured scale x0.745 is divided out), sign accuracy 100%
cost: 1 heater writes, 24 switch moves, 24 reads for the matrix and 4 vectors -- the vectors are arithmetic on the held sweep, so their error is a function of the measured matrix, not a second opinion on it

the mesh does not host this target: the 0.3041 above is MEASURED, and it is in the MATRIX, not the readout. Try --scan for better rails, or a smaller block.
hw 0: powering off
  ramp setpoint 51.7 -> 0.0  (0.9s @ 60/s)
  LASER OFF -- current 0, output disabled, TEC off. Safe to turn the key off / unplug.
hw 0: powering off
  LASER OFF -- current 0, output disabled, TEC off. Safe to turn the key off / unplug.
