hw 1: powering on
  [OK] connected, key ON, interlocks closed
  ceilings clamped to 250 mA
  TEC OFF (open-loop; room temp-controlled)
  LASER ON at floor setpoint 5 (~0.2 mW). Use `set <dBm>` to ramp.
  ramp setpoint 5.0 -> 19.4  (0.2s @ 60/s)
  +8.0 dBm -> setpoint 19.4  (~6.3 mW; measured I 17 mA)
heater box: 8 steerable channels, widest span 1.51 pi (measured calibration)

target B:
[[ 0.126 -0.132]
 [ 0.64   0.105]]

rails out(1, 2) in(1, 2), shift decomposition, 4 photodiode reads per vector
hosted residual 0.0001   realised matrix vs target 0.0002
x                            B x                          measured                         err
[ 0.13 -0.13]                [0.03 0.07]                  [-0.01 -0.04]                  1.557
[0.64 0.1 ]                  [0.07 0.42]                  [-0.06  0.07]                  0.886
[-0.54  0.36]                [-0.12 -0.31]                [0.05 0.1 ]                    1.347
[1.3  0.95]                  [0.04 0.93]                  [-0.14  0.37]                  0.633
mean vector error 1.1058, sign accuracy 25%
hw 0: powering off
  ramp setpoint 19.4 -> 0.0  (0.3s @ 60/s)
  LASER OFF -- current 0, output disabled, TEC off. Safe to turn the key off / unplug.
hw 0: powering off
  LASER OFF -- current 0, output disabled, TEC off. Safe to turn the key off / unplug.
