########## 1/4 transfer table, 3 repeats
  state 98: raw row sums [0.591 0.361 0.39  0.385]  col sums [0.565 0.533 0.395 0.235]
  state 99: raw row sums [0.588 0.459 0.386 0.287]  col sums [0.565 0.512 0.393 0.25 ]
wrote pic_data/sessions/2026-08-27/raw_transfers_25C.json (100 states x 4 ports x 3 reads)
########## 2/4 refit the twin
       [0.05166583, 0.94827025],
       [0.05215276, 0.12541555],
       [0.94911005, 0.94970494],
       [0.05070908, 0.94862244],
       [0.24291392, 0.05036803]]), loss_db=array([0., 0., 0., 0., 0., 0.])), roles=RoleMap(theta=(5, 4, 3, 2, 1, 0), phi=(6, 7, 8, 9, 10, 11)), r2_val=0.49266597451994365, r2_train=0.6878631136247265, r_val=0.7277547772594268, mae_val=0.15283546224007558, r2_val_by_port=array([0.11020707, 0.04140517, 0.6240995 , 0.83890243]), r2_val_by_port_modulation=array([-1.26762518, -1.41266176, -0.28761075, -0.45579566]), free_vpi=array([ 0,  1,  2,  3,  4,  5,  9, 10]), free_phi0=array([ 0,  1,  2,  3,  4,  5,  9, 10, 11]), frozen_phi0=array([6, 7, 8]), rank=9)]}
########## 3/4 matvec 2x2, drift correction on
hosted residual 0.0195 (picked off the measured table)   twin predicts 0.0274 vs target
MEASURED matrix vs target 0.3347   (shape 0.1406, brightness x0.679, cond 3.5)
x                            B x                          measured                         err
[ 0.13 -0.13]                [0.03 0.07]                  [0.02 0.04]                    0.392
[0.64 0.1 ]                  [0.07 0.42]                  [0.01 0.29]                    0.337
[-0.54  0.36]                [-0.12 -0.31]                [-0.07 -0.19]                  0.377
[1.3  0.95]                  [0.04 0.93]                  [-0.06  0.66]                  0.308
mean vector error 0.3534, sign accuracy 88%
cost: 1 heater writes, 4 switch moves, 4 reads for the matrix and 4 vectors -- the vectors are arithmetic on the held sweep, so their error is a function of the measured matrix, not a second opinion on it

the mesh does not host this target: the 0.3347 above is MEASURED, and it is in the MATRIX, not the readout. Try --scan for better rails, or a smaller block.
  the twin predicted 0.0274 for the same plan, so that gap is the model and not the bench -- re-characterize before believing any fitted program.
########## 4/4 8x8 in sixteen 2x2 tiles, drift correction on
target B:
[[ 0.126 -0.132  0.64   0.105 -0.536  0.362  1.304  0.947]
 [-0.704 -1.265 -0.623  0.041 -2.325 -0.219 -1.246 -0.732]
 [-0.544 -0.316  0.412  1.043 -0.129  1.366 -0.665  0.352]
 [ 0.903  0.094 -0.743 -0.922 -0.458  0.22  -1.01  -0.209]
 [-0.159  0.541  0.215  0.355 -0.654 -0.13   0.784  1.493]
 [-1.259  1.514  1.346  0.781  0.264 -0.314  1.458  1.96 ]
 [ 1.802  1.315  0.357 -1.208 -0.004  0.656 -1.288  0.395]
 [ 0.43   0.696 -1.184 -0.662 -0.436 -1.17   1.739 -0.496]]

8x8 in 16 tiles of 2x2 on rails out(1, 2) in(1, 2)
hosted residual 0.1596 (picked off the measured table)   twin predicts 0.1394 vs target
MEASURED matrix vs target 0.3867
cost: 16 heater writes, 64 switch moves, 64 reads  ->  16 reads per column of X; the writes and switch moves are per TILE and do not grow with the 4 columns
Y error 0.2667, sign accuracy 100% (the sum over tiles is done in software; the chip did every multiply)

the mesh does not host this target: the 0.3867 above is MEASURED, and it is in the MATRIX, not the readout. Try --scan for better rails, or a smaller block.
  the twin predicted 0.1394 for the same plan, so that gap is the model and not the bench -- re-characterize before believing any fitted program.
