########## 8x8 full stack 04:25:27
  retie: table moved 0.0144, inside the 0.0179 repeat floor for m=5 -- left alone
transfer table: 100 measured states from /Users/gojira/Documents/GitHub.nosync/PIC/4x4/pic_data/sessions/2026-08-27/raw_transfers_fresh.json
 setpoint 19.4  (~6.3 mW; measured I 17 mA)
  retie: table moved 0.0157, inside the 0.0179 repeat floor for m=5 -- left alone
heater box: 8 steerable channels, widest span 1.51 pi (measured calibration)
transfer table: 100 measured states from /Users/gojira/Documents/GitHub.nosync/PIC/4x4/pic_data/sessions/2026-08-27/raw_transfers_fresh.json

target B:
[[ 0.126 -0.132  0.64   0.105 -0.536  0.362  1.304  0.947]
 [-0.704 -1.265 -0.623  0.041 -2.325 -0.219 -1.246 -0.732]
 [-0.544 -0.316  0.412  1.043 -0.129  1.366 -0.665  0.352]
 [ 0.903  0.094 -0.743 -0.922 -0.458  0.22  -1.01  -0.209]
 [-0.159  0.541  0.215  0.355 -0.654 -0.13   0.784  1.493]
 [-1.259  1.514  1.346  0.781  0.264 -0.314  1.458  1.96 ]
 [ 1.802  1.315  0.357 -1.208 -0.004  0.656 -1.288  0.395]
 [ 0.43   0.696 -1.184 -0.662 -0.436 -1.17   1.739 -0.496]]

[watchdog] 120s reached -> forcing laser OFF
hw 0: powering off
  ramp setpoint 19.4 -> 0.0  (0.3s @ 60/s)
  LASER OFF -- current 0, output disabled, TEC off. Safe to turn the key off / unplug.
