  t/s    temp   setpt  drive_v
    0  26.780  25.000    2.000
    6  25.370  25.000    1.544
   13  24.820  25.000   -0.717
   19  25.200  25.000    0.881
   25  24.950  25.000   -0.193
   31  25.110  25.000    0.463
   37  24.980  25.000   -0.084
   43  25.050  25.000    0.211
   49  25.040  25.000    0.201
   55  25.020  25.000    0.162
   61  25.070  25.000    0.356
   67  25.010  25.000    0.042
   73  25.070  25.000    0.277
   79  25.050  25.000    0.279
   86  25.010  25.000    0.084
   92  25.040  25.000    0.224
   98  25.060  25.000    0.379
  104  25.030  25.000    0.053
  110  25.040  25.000    0.179
  116  25.040  25.000    0.189
  122  25.000  25.000    0.032
  128  25.040  25.000    0.308
  134  25.010  25.000    0.094
  140  25.040  25.000    0.315
  146  25.060  25.000    0.196
  152  25.010  25.000    0.045
  159  25.060  25.000    0.340
  165  25.010  25.000    0.026
